Archive member included to satisfy reference by file (symbol)

.\CortexM3\ARM_GCC_541\Debug\Dron-A Lisa.a(Clock_1.o)
                              .\CortexM3\ARM_GCC_541\Debug\motor.o (Clock_1_Start)
.\CortexM3\ARM_GCC_541\Debug\Dron-A Lisa.a(UART_1.o)
                              .\CortexM3\ARM_GCC_541\Debug\main.o (UART_1_Start)
.\CortexM3\ARM_GCC_541\Debug\Dron-A Lisa.a(UART_1_IntClock.o)
                              .\CortexM3\ARM_GCC_541\Debug\Dron-A Lisa.a(UART_1.o) (UART_1_IntClock_Start)
.\CortexM3\ARM_GCC_541\Debug\Dron-A Lisa.a(CyLib.o)
                              .\CortexM3\ARM_GCC_541\Debug\Cm3Start.o (CyHalt)
.\CortexM3\ARM_GCC_541\Debug\Dron-A Lisa.a(cyPm.o)
                              .\CortexM3\ARM_GCC_541\Debug\Dron-A Lisa.a(CyLib.o) (CyPmReadStatus)
.\CortexM3\ARM_GCC_541\Debug\Dron-A Lisa.a(Counter_Sensor.o)
                              .\CortexM3\ARM_GCC_541\Debug\sensor.o (Counter_Sensor_Stop)
.\CortexM3\ARM_GCC_541\Debug\Dron-A Lisa.a(sensor_input_isr.o)
                              .\CortexM3\ARM_GCC_541\Debug\sensor.o (sensor_input_isr_StartEx)
.\CortexM3\ARM_GCC_541\Debug\Dron-A Lisa.a(Sensor_Out.o)
                              .\CortexM3\ARM_GCC_541\Debug\sensor.o (Sensor_Out_Stop)
.\CortexM3\ARM_GCC_541\Debug\Dron-A Lisa.a(Motor_PWM.o)
                              .\CortexM3\ARM_GCC_541\Debug\motor.o (Motor_PWM_WriteCompare1)
.\CortexM3\ARM_GCC_541\Debug\Dron-A Lisa.a(CyBootAsmGnu.o)
                              .\CortexM3\ARM_GCC_541\Debug\cyfitter_cfg.o (CyDelayCycles)
.\CortexM3\ARM_GCC_541\Debug\Dron-A Lisa.a(CyFlash.o)
                              .\CortexM3\ARM_GCC_541\Debug\Dron-A Lisa.a(cyPm.o) (CyFlash_SetWaitCycles)
.\CortexM3\ARM_GCC_541\Debug\Dron-A Lisa.a(CySpc.o)
                              .\CortexM3\ARM_GCC_541\Debug\Dron-A Lisa.a(CyFlash.o) (CySpcStart)
c:/program files (x86)/cypress/psoc creator/4.4/psoc creator/import/gnu/arm/5.4.1/bin/../lib/gcc/arm-none-eabi/5.4.1/../../../../arm-none-eabi/lib/armv7-m\libm.a(lib_a-sf_sin.o)
                              .\CortexM3\ARM_GCC_541\Debug\tfTest.o (sinf)
c:/program files (x86)/cypress/psoc creator/4.4/psoc creator/import/gnu/arm/5.4.1/bin/../lib/gcc/arm-none-eabi/5.4.1/../../../../arm-none-eabi/lib/armv7-m\libm.a(lib_a-ef_rem_pio2.o)
                              c:/program files (x86)/cypress/psoc creator/4.4/psoc creator/import/gnu/arm/5.4.1/bin/../lib/gcc/arm-none-eabi/5.4.1/../../../../arm-none-eabi/lib/armv7-m\libm.a(lib_a-sf_sin.o) (__ieee754_rem_pio2f)
c:/program files (x86)/cypress/psoc creator/4.4/psoc creator/import/gnu/arm/5.4.1/bin/../lib/gcc/arm-none-eabi/5.4.1/../../../../arm-none-eabi/lib/armv7-m\libm.a(lib_a-kf_cos.o)
                              c:/program files (x86)/cypress/psoc creator/4.4/psoc creator/import/gnu/arm/5.4.1/bin/../lib/gcc/arm-none-eabi/5.4.1/../../../../arm-none-eabi/lib/armv7-m\libm.a(lib_a-sf_sin.o) (__kernel_cosf)
c:/program files (x86)/cypress/psoc creator/4.4/psoc creator/import/gnu/arm/5.4.1/bin/../lib/gcc/arm-none-eabi/5.4.1/../../../../arm-none-eabi/lib/armv7-m\libm.a(lib_a-kf_rem_pio2.o)
                              c:/program files (x86)/cypress/psoc creator/4.4/psoc creator/import/gnu/arm/5.4.1/bin/../lib/gcc/arm-none-eabi/5.4.1/../../../../arm-none-eabi/lib/armv7-m\libm.a(lib_a-ef_rem_pio2.o) (__kernel_rem_pio2f)
c:/program files (x86)/cypress/psoc creator/4.4/psoc creator/import/gnu/arm/5.4.1/bin/../lib/gcc/arm-none-eabi/5.4.1/../../../../arm-none-eabi/lib/armv7-m\libm.a(lib_a-kf_sin.o)
                              c:/program files (x86)/cypress/psoc creator/4.4/psoc creator/import/gnu/arm/5.4.1/bin/../lib/gcc/arm-none-eabi/5.4.1/../../../../arm-none-eabi/lib/armv7-m\libm.a(lib_a-sf_sin.o) (__kernel_sinf)
c:/program files (x86)/cypress/psoc creator/4.4/psoc creator/import/gnu/arm/5.4.1/bin/../lib/gcc/arm-none-eabi/5.4.1/../../../../arm-none-eabi/lib/armv7-m\libm.a(lib_a-sf_fabs.o)
                              c:/program files (x86)/cypress/psoc creator/4.4/psoc creator/import/gnu/arm/5.4.1/bin/../lib/gcc/arm-none-eabi/5.4.1/../../../../arm-none-eabi/lib/armv7-m\libm.a(lib_a-ef_rem_pio2.o) (fabsf)
c:/program files (x86)/cypress/psoc creator/4.4/psoc creator/import/gnu/arm/5.4.1/bin/../lib/gcc/arm-none-eabi/5.4.1/../../../../arm-none-eabi/lib/armv7-m\libm.a(lib_a-sf_floor.o)
                              c:/program files (x86)/cypress/psoc creator/4.4/psoc creator/import/gnu/arm/5.4.1/bin/../lib/gcc/arm-none-eabi/5.4.1/../../../../arm-none-eabi/lib/armv7-m\libm.a(lib_a-kf_rem_pio2.o) (floorf)
c:/program files (x86)/cypress/psoc creator/4.4/psoc creator/import/gnu/arm/5.4.1/bin/../lib/gcc/arm-none-eabi/5.4.1/../../../../arm-none-eabi/lib/armv7-m\libm.a(lib_a-sf_scalbn.o)
                              c:/program files (x86)/cypress/psoc creator/4.4/psoc creator/import/gnu/arm/5.4.1/bin/../lib/gcc/arm-none-eabi/5.4.1/../../../../arm-none-eabi/lib/armv7-m\libm.a(lib_a-kf_rem_pio2.o) (scalbnf)
[...]
Memory Configuration

Name             Origin             Length             Attributes
rom              0x00000000         0x00040000         xr
ram              0x1fff8000         0x00010000         xrw
*default*        0x00000000         0xffffffff

Linker script and memory map

LOAD c:/program files (x86)/cypress/psoc creator/4.4/psoc creator/import/gnu/arm/5.4.1/bin/../lib/gcc/arm-none-eabi/5.4.1/armv7-m/crti.o
LOAD c:/program files (x86)/cypress/psoc creator/4.4/psoc creator/import/gnu/arm/5.4.1/bin/../lib/gcc/arm-none-eabi/5.4.1/armv7-m/crtbegin.o
LOAD c:/program files (x86)/cypress/psoc creator/4.4/psoc creator/import/gnu/arm/5.4.1/bin/../lib/gcc/arm-none-eabi/5.4.1/../../../../arm-none-eabi/lib/armv7-m/crt0.o
START GROUP
LOAD .\CortexM3\ARM_GCC_541\Debug\main.o
LOAD .\CortexM3\ARM_GCC_541\Debug\motor.o
LOAD .\CortexM3\ARM_GCC_541\Debug\PIDcontroller.o
LOAD .\CortexM3\ARM_GCC_541\Debug\tfTest.o
LOAD .\CortexM3\ARM_GCC_541\Debug\sensor.o
LOAD .\CortexM3\ARM_GCC_541\Debug\cyfitter_cfg.o
LOAD .\CortexM3\ARM_GCC_541\Debug\cymetadata.o
LOAD .\CortexM3\ARM_GCC_541\Debug\Cm3Start.o
LOAD .\CortexM3\ARM_GCC_541\Debug\Dron-A Lisa.a
LOAD C:\Program Files (x86)\Cypress\PSoC Creator\4.4\PSoC Creator\psoc\content\cycomponentlibrary\CyComponentLibrary.cylib\CortexM3\ARM_GCC_541\Debug\CyComponentLibrary.a
LOAD c:/program files (x86)/cypress/psoc creator/4.4/psoc creator/import/gnu/arm/5.4.1/bin/../lib/gcc/arm-none-eabi/5.4.1/../../../../arm-none-eabi/lib/armv7-m\libm.a
END GROUP
START GROUP
LOAD c:/program files (x86)/cypress/psoc creator/4.4/psoc creator/import/gnu/arm/5.4.1/bin/../lib/gcc/arm-none-eabi/5.4.1/armv7-m\libgcc.a
LOAD c:/program files (x86)/cypress/psoc creator/4.4/psoc creator/import/gnu/arm/5.4.1/bin/../lib/gcc/arm-none-eabi/5.4.1/../../../../arm-none-eabi/lib/armv7-m\libg_nano.a
LOAD c:/program files (x86)/cypress/psoc creator/4.4/psoc creator/import/gnu/arm/5.4.1/bin/../lib/gcc/arm-none-eabi/5.4.1/../../../../arm-none-eabi/lib/armv7-m\libc_nano.a
END GROUP
START GROUP
LOAD c:/program files (x86)/cypress/psoc creator/4.4/psoc creator/import/gnu/arm/5.4.1/bin/../lib/gcc/arm-none-eabi/5.4.1/armv7-m\libgcc.a
LOAD c:/program files (x86)/cypress/psoc creator/4.4/psoc creator/import/gnu/arm/5.4.1/bin/../lib/gcc/arm-none-eabi/5.4.1/../../../../arm-none-eabi/lib/armv7-m\libc_nano.a
END GROUP
LOAD c:/program files (x86)/cypress/psoc creator/4.4/psoc creator/import/gnu/arm/5.4.1/bin/../lib/gcc/arm-none-eabi/5.4.1/armv7-m/crtend.o
LOAD c:/program files (x86)/cypress/psoc creator/4.4/psoc creator/import/gnu/arm/5.4.1/bin/../lib/gcc/arm-none-eabi/5.4.1/armv7-m/crtn.o
START GROUP
LOAD c:/program files (x86)/cypress/psoc creator/4.4/psoc creator/import/gnu/arm/5.4.1/bin/../lib/gcc/arm-none-eabi/5.4.1/armv7-m\libgcc.a
LOAD c:/program files (x86)/cypress/psoc creator/4.4/psoc creator/import/gnu/arm/5.4.1/bin/../lib/gcc/arm-none-eabi/5.4.1/../../../../arm-none-eabi/lib/armv7-m\libc.a
LOAD c:/program files (x86)/cypress/psoc creator/4.4/psoc creator/import/gnu/arm/5.4.1/bin/../lib/gcc/arm-none-eabi/5.4.1/../../../../arm-none-eabi/lib/armv7-m\libnosys.a
END GROUP
                0x00000000                CY_APPL_ORIGIN = 0x0
                0x00000100                CY_FLASH_ROW_SIZE = 0x100
                0x00000020                CY_ECC_ROW_SIZE = 0x20
                0x00000000                CY_EE_IN_BTLDR = 0x0
                0x00000000                CY_APPL_LOADABLE = 0x0
                0x00000800                CY_EE_SIZE = 0x800
                0x00000001                CY_APPL_NUM = 0x1
                0x00000001                CY_APPL_MAX = 0x1
                0x00000040                CY_METADATA_SIZE = 0x40
                0x00000000                CY_APPL_LOADABLE = 0x0
                0x00000000                CY_CHECKSUM_EXCLUDE_SIZE = ALIGN (0x0, CY_FLASH_ROW_SIZE)
                [!provide]                PROVIDE (__cy_heap_start, _end)
                0x00000001                PROVIDE (__cy_region_num, ((__cy_regions_end - __cy_regions) / 0x10))
                0x20008000                PROVIDE (__cy_stack, (ORIGIN (ram) + LENGTH (ram)))
                [!provide]                PROVIDE (__cy_heap_end, (__cy_stack - 0x800))

.cybootloader   0x00000000        0x0
 *(.cybootloader)
                0x00000000                appl1_start = CY_APPL_ORIGIN?CY_APPL_ORIGIN:ALIGN (CY_FLASH_ROW_SIZE)
                0x0001ff00                appl2_start = (appl1_start + ALIGN ((((LENGTH (rom) - appl1_start) - (0x2 * CY_FLASH_ROW_SIZE)) / 0x2), CY_FLASH_ROW_SIZE))
                0x00000000                appl_start = (CY_APPL_NUM == 0x1)?appl1_start:appl2_start
                0x00000000                ecc_offset = ((appl_start / CY_FLASH_ROW_SIZE) * CY_ECC_ROW_SIZE)
                0x00000000                ee_offset = (CY_APPL_LOADABLE && ! (CY_EE_IN_BTLDR))?((CY_EE_SIZE / CY_APPL_MAX) * (CY_APPL_NUM - 0x1)):0x0
                0x00000800                ee_size = (CY_APPL_LOADABLE && ! (CY_EE_IN_BTLDR))?(CY_EE_SIZE / CY_APPL_MAX):CY_EE_SIZE
                [!provide]                PROVIDE (CY_ECC_OFFSET, ecc_offset)

.text           0x00000000     0x31bc
 CREATE_OBJECT_SYMBOLS
                0x00000000                PROVIDE (__cy_interrupt_vector, RomVectors)
 *(.romvectors)
 .romvectors    0x00000000       0x10 .\CortexM3\ARM_GCC_541\Debug\Cm3Start.o
                0x00000000                RomVectors
                0x00000001                ASSERT ((. != __cy_interrupt_vector), No interrupt vector)
                0x00000001                ASSERT (CY_APPL_ORIGIN?(SIZEOF (.cybootloader) <= CY_APPL_ORIGIN):0x1, Wrong image location)
                0x00000010                PROVIDE (__cy_reset, Reset)
 *(.text.Reset)
 .text.Reset    0x00000010       0x18 .\CortexM3\ARM_GCC_541\Debug\Cm3Start.o
                0x00000010                Reset
                0x00000001                ASSERT ((. != __cy_reset), No reset code)
 *(.dma_init)
                0x00000001                ASSERT ((((appl_start + .) <= 0x10000) || 0x1), DMA Init must be within the first 64k of flash)
 *(.text .text.* .gnu.linkonce.t.*)
 .text          0x00000028       0x5c c:/program files (x86)/cypress/psoc creator/4.4/psoc creator/import/gnu/arm/5.4.1/bin/../lib/gcc/arm-none-eabi/5.4.1/armv7-m/crtbegin.o
 .text.main     0x00000084       0x58 .\CortexM3\ARM_GCC_541\Debug\main.o
                0x00000084                main
 .text.initSensor
                0x000000dc       0x10 .\CortexM3\ARM_GCC_541\Debug\sensor.o
                0x000000dc                initSensor
 .text.startBurst
                0x000000ec        0x8 .\CortexM3\ARM_GCC_541\Debug\sensor.o
                0x000000ec                startBurst
 .text.stopBurst
                0x000000f4        0x8 .\CortexM3\ARM_GCC_541\Debug\sensor.o
                0x000000f4                stopBurst
 .text.startCounter
                0x000000fc       0x10 .\CortexM3\ARM_GCC_541\Debug\sensor.o
                0x000000fc                startCounter
 .text.sensor_isr_handler
                0x0000010c       0x24 .\CortexM3\ARM_GCC_541\Debug\sensor.o
                0x0000010c                sensor_isr_handler
 .text.calcAngle
                0x00000130       0x30 .\CortexM3\ARM_GCC_541\Debug\sensor.o
                0x00000130                calcAngle
 .text.CyClockStartupError
                0x00000160        0x4 .\CortexM3\ARM_GCC_541\Debug\cyfitter_cfg.o
 .text.cfg_write_bytes32
                0x00000164       0x34 .\CortexM3\ARM_GCC_541\Debug\cyfitter_cfg.o
 .text.AnalogSetDefault
                0x00000198       0x28 .\CortexM3\ARM_GCC_541\Debug\cyfitter_cfg.o
 .text.CYMEMZERO
                0x000001c0        0xc .\CortexM3\ARM_GCC_541\Debug\cyfitter_cfg.o
 .text.ClockSetup
                0x000001cc       0xf4 .\CortexM3\ARM_GCC_541\Debug\cyfitter_cfg.o
 .text.CYCONFIGCPY
                0x000002c0        0x8 .\CortexM3\ARM_GCC_541\Debug\cyfitter_cfg.o
 .text.cyfitter_cfg
                0x000002c8       0xf0 .\CortexM3\ARM_GCC_541\Debug\cyfitter_cfg.o
                0x000002c8                cyfitter_cfg
 .text.IntDefaultHandler
                0x000003b8       0x10 .\CortexM3\ARM_GCC_541\Debug\Cm3Start.o
                0x000003b8                IntDefaultHandler
 .text._sbrk    0x000003c8       0x30 .\CortexM3\ARM_GCC_541\Debug\Cm3Start.o
                0x000003c8                _sbrk
 .text.Start_c  0x000003f8       0x4c .\CortexM3\ARM_GCC_541\Debug\Cm3Start.o
                0x000003f8                Start_c
 .text.initialize_psoc
                0x00000444       0x68 .\CortexM3\ARM_GCC_541\Debug\Cm3Start.o
                0x00000444                initialize_psoc
 .text.UART_1_Init
                0x000004ac       0x24 .\CortexM3\ARM_GCC_541\Debug\Dron-A Lisa.a(UART_1.o)
                0x000004ac                UART_1_Init
 .text.UART_1_Enable
                0x000004d0       0x38 .\CortexM3\ARM_GCC_541\Debug\Dron-A Lisa.a(UART_1.o)
                0x000004d0                UART_1_Enable
 .text.UART_1_Start
                0x00000508       0x1c .\CortexM3\ARM_GCC_541\Debug\Dron-A Lisa.a(UART_1.o)
                0x00000508                UART_1_Start
 .text.UART_1_PutChar
                0x00000524       0x18 .\CortexM3\ARM_GCC_541\Debug\Dron-A Lisa.a(UART_1.o)
                0x00000524                UART_1_PutChar
 .text.UART_1_PutString
                0x0000053c       0x24 .\CortexM3\ARM_GCC_541\Debug\Dron-A Lisa.a(UART_1.o)
                0x0000053c                UART_1_PutString
 .text.UART_1_IntClock_Start
                0x00000560       0x1c .\CortexM3\ARM_GCC_541\Debug\Dron-A Lisa.a(UART_1_IntClock.o)
                0x00000560                UART_1_IntClock_Start
 .text.Counter_Sensor_Enable
                0x0000057c       0x10 .\CortexM3\ARM_GCC_541\Debug\Dron-A Lisa.a(Counter_Sensor.o)
                0x0000057c                Counter_Sensor_Enable
 .text.Counter_Sensor_Stop
                0x0000058c       0x10 .\CortexM3\ARM_GCC_541\Debug\Dron-A Lisa.a(Counter_Sensor.o)
                0x0000058c                Counter_Sensor_Stop
 .text.Counter_Sensor_SetInterruptMode
                0x0000059c        0xc .\CortexM3\ARM_GCC_541\Debug\Dron-A Lisa.a(Counter_Sensor.o)
                0x0000059c                Counter_Sensor_SetInterruptMode
 .text.Counter_Sensor_ReadStatusRegister
                0x000005a8        0xc .\CortexM3\ARM_GCC_541\Debug\Dron-A Lisa.a(Counter_Sensor.o)
                0x000005a8                Counter_Sensor_ReadStatusRegister
 .text.Counter_Sensor_WriteCounter
                0x000005b4        0xc .\CortexM3\ARM_GCC_541\Debug\Dron-A Lisa.a(Counter_Sensor.o)
                0x000005b4                Counter_Sensor_WriteCounter
 .text.Counter_Sensor_ReadCounter
                0x000005c0       0x14 .\CortexM3\ARM_GCC_541\Debug\Dron-A Lisa.a(Counter_Sensor.o)
                0x000005c0                Counter_Sensor_ReadCounter
 .text.Counter_Sensor_ReadCapture
                0x000005d4        0xc .\CortexM3\ARM_GCC_541\Debug\Dron-A Lisa.a(Counter_Sensor.o)
                0x000005d4                Counter_Sensor_ReadCapture
 .text.Counter_Sensor_WritePeriod
                0x000005e0        0xc .\CortexM3\ARM_GCC_541\Debug\Dron-A Lisa.a(Counter_Sensor.o)
                0x000005e0                Counter_Sensor_WritePeriod
 .text.Counter_Sensor_WriteCompare
                0x000005ec        0xc .\CortexM3\ARM_GCC_541\Debug\Dron-A Lisa.a(Counter_Sensor.o)
                0x000005ec                Counter_Sensor_WriteCompare
 .text.Counter_Sensor_ClearFIFO
                0x000005f8       0x14 .\CortexM3\ARM_GCC_541\Debug\Dron-A Lisa.a(Counter_Sensor.o)
                0x000005f8                Counter_Sensor_ClearFIFO
 .text.Counter_Sensor_Init
                0x0000060c       0x58 .\CortexM3\ARM_GCC_541\Debug\Dron-A Lisa.a(Counter_Sensor.o)
                0x0000060c                Counter_Sensor_Init
 .text.Counter_Sensor_Start
                0x00000664       0x1c .\CortexM3\ARM_GCC_541\Debug\Dron-A Lisa.a(Counter_Sensor.o)
                0x00000664                Counter_Sensor_Start
 .text.sensor_input_isr_SetVector
                0x00000680        0xc .\CortexM3\ARM_GCC_541\Debug\Dron-A Lisa.a(sensor_input_isr.o)
                0x00000680                sensor_input_isr_SetVector
 .text.sensor_input_isr_SetPriority
                0x0000068c       0x10 .\CortexM3\ARM_GCC_541\Debug\Dron-A Lisa.a(sensor_input_isr.o)
                0x0000068c                sensor_input_isr_SetPriority
 .text.sensor_input_isr_Enable
                0x0000069c        0xc .\CortexM3\ARM_GCC_541\Debug\Dron-A Lisa.a(sensor_input_isr.o)
                0x0000069c                sensor_input_isr_Enable
 .text.sensor_input_isr_Disable
                0x000006a8        0xc .\CortexM3\ARM_GCC_541\Debug\Dron-A Lisa.a(sensor_input_isr.o)
                0x000006a8                sensor_input_isr_Disable
 .text.sensor_input_isr_StartEx
                0x000006b4       0x1c .\CortexM3\ARM_GCC_541\Debug\Dron-A Lisa.a(sensor_input_isr.o)
                0x000006b4                sensor_input_isr_StartEx
 .text.Sensor_Out_Enable
                0x000006d0       0x10 .\CortexM3\ARM_GCC_541\Debug\Dron-A Lisa.a(Sensor_Out.o)
                0x000006d0                Sensor_Out_Enable
 .text.Sensor_Out_Stop
                0x000006e0       0x10 .\CortexM3\ARM_GCC_541\Debug\Dron-A Lisa.a(Sensor_Out.o)
                0x000006e0                Sensor_Out_Stop
 .text.Sensor_Out_WriteCounter
                0x000006f0        0xc .\CortexM3\ARM_GCC_541\Debug\Dron-A Lisa.a(Sensor_Out.o)
                0x000006f0                Sensor_Out_WriteCounter
 .text.Sensor_Out_WritePeriod
                0x000006fc        0xc .\CortexM3\ARM_GCC_541\Debug\Dron-A Lisa.a(Sensor_Out.o)
                0x000006fc                Sensor_Out_WritePeriod
 .text.Sensor_Out_WriteCompare1
                0x00000708        0xc .\CortexM3\ARM_GCC_541\Debug\Dron-A Lisa.a(Sensor_Out.o)
                0x00000708                Sensor_Out_WriteCompare1
 .text.Sensor_Out_WriteCompare2
                0x00000714        0xc .\CortexM3\ARM_GCC_541\Debug\Dron-A Lisa.a(Sensor_Out.o)
                0x00000714                Sensor_Out_WriteCompare2
 .text.Sensor_Out_SetInterruptMode
                0x00000720        0xc .\CortexM3\ARM_GCC_541\Debug\Dron-A Lisa.a(Sensor_Out.o)
                0x00000720                Sensor_Out_SetInterruptMode
 .text.Sensor_Out_ReadStatusRegister
                0x0000072c        0xc .\CortexM3\ARM_GCC_541\Debug\Dron-A Lisa.a(Sensor_Out.o)
                0x0000072c                Sensor_Out_ReadStatusRegister
 .text.Sensor_Out_ReadCapture
                0x00000738        0xc .\CortexM3\ARM_GCC_541\Debug\Dron-A Lisa.a(Sensor_Out.o)
                0x00000738                Sensor_Out_ReadCapture
 .text.Sensor_Out_ClearFIFO
                0x00000744       0x14 .\CortexM3\ARM_GCC_541\Debug\Dron-A Lisa.a(Sensor_Out.o)
                0x00000744                Sensor_Out_ClearFIFO
 .text.Sensor_Out_Init
                0x00000758       0x58 .\CortexM3\ARM_GCC_541\Debug\Dron-A Lisa.a(Sensor_Out.o)
                0x00000758                Sensor_Out_Init
 .text.Sensor_Out_Start
                0x000007b0       0x1c .\CortexM3\ARM_GCC_541\Debug\Dron-A Lisa.a(Sensor_Out.o)
                0x000007b0                Sensor_Out_Start
 *fill*         0x000007cc        0x4 
 .text          0x000007d0       0x20 .\CortexM3\ARM_GCC_541\Debug\Dron-A Lisa.a(CyBootAsmGnu.o)
                0x000007d0                CyDelayCycles
                0x000007e0                CyEnterCriticalSection
                0x000007e8                CyExitCriticalSection
 .text          0x000007f0      0x370 c:/program files (x86)/cypress/psoc creator/4.4/psoc creator/import/gnu/arm/5.4.1/bin/../lib/gcc/arm-none-eabi/5.4.1/armv7-m\libgcc.a(_arm_addsubdf3.o)
                0x000007f0                __aeabi_drsub
                0x000007f8                __aeabi_dsub
                0x000007f8                __subdf3
                0x000007fc                __aeabi_dadd
                0x000007fc                __adddf3
                0x00000a74                __floatunsidf
                0x00000a74                __aeabi_ui2d
                0x00000a94                __floatsidf
                0x00000a94                __aeabi_i2d
                0x00000ab8                __aeabi_f2d
                0x00000ab8                __extendsfdf2
                0x00000af4                __floatundidf
                0x00000af4                __aeabi_ul2d
                0x00000b04                __floatdidf
                0x00000b04                __aeabi_l2d
 .text          0x00000b60      0x424 c:/program files (x86)/cypress/psoc creator/4.4/psoc creator/import/gnu/arm/5.4.1/bin/../lib/gcc/arm-none-eabi/5.4.1/armv7-m\libgcc.a(_arm_muldivdf3.o)
                0x00000b60                __aeabi_dmul
                0x00000b60                __muldf3
                0x00000db4                __divdf3
                0x00000db4                __aeabi_ddiv
 .text.__errno  0x00000f84        0xc c:/program files (x86)/cypress/psoc creator/4.4/psoc creator/import/gnu/arm/5.4.1/bin/../lib/gcc/arm-none-eabi/5.4.1/../../../../arm-none-eabi/lib/armv7-m\libg_nano.a(lib_a-errno.o)
                0x00000f84                __errno
 .text.__libc_init_array
                0x00000f90       0x4c c:/program files (x86)/cypress/psoc creator/4.4/psoc creator/import/gnu/arm/5.4.1/bin/../lib/gcc/arm-none-eabi/5.4.1/../../../../arm-none-eabi/lib/armv7-m\libg_nano.a(lib_a-init.o)
                0x00000f90                __libc_init_array
 .text.memcpy   0x00000fdc       0x16 c:/program files (x86)/cypress/psoc creator/4.4/psoc creator/import/gnu/arm/5.4.1/bin/../lib/gcc/arm-none-eabi/5.4.1/../../../../arm-none-eabi/lib/armv7-m\libg_nano.a(lib_a-memcpy-stub.o)
                0x00000fdc                memcpy
 .text.memset   0x00000ff2       0x10 c:/program files (x86)/cypress/psoc creator/4.4/psoc creator/import/gnu/arm/5.4.1/bin/../lib/gcc/arm-none-eabi/5.4.1/../../../../arm-none-eabi/lib/armv7-m\libg_nano.a(lib_a-memset.o)
                0x00000ff2                memset
 .text.__cvt    0x00001002       0xc0 c:/program files (x86)/cypress/psoc creator/4.4/psoc creator/import/gnu/arm/5.4.1/bin/../lib/gcc/arm-none-eabi/5.4.1/../../../../arm-none-eabi/lib/armv7-m\libg_nano.a(lib_a-nano-vfprintf_float.o)
                0x00001002                __cvt
 .text.__exponent
                0x000010c2       0x62 c:/program files (x86)/cypress/psoc creator/4.4/psoc creator/import/gnu/arm/5.4.1/bin/../lib/gcc/arm-none-eabi/5.4.1/../../../../arm-none-eabi/lib/armv7-m\libg_nano.a(lib_a-nano-vfprintf_float.o)
                0x000010c2                __exponent
 .text._printf_float
                0x00001124      0x488 c:/program files (x86)/cypress/psoc creator/4.4/psoc creator/import/gnu/arm/5.4.1/bin/../lib/gcc/arm-none-eabi/5.4.1/../../../../arm-none-eabi/lib/armv7-m\libg_nano.a(lib_a-nano-vfprintf_float.o)
                0x00001124                _printf_float
 .text._printf_common
                0x000015ac       0xec c:/program files (x86)/cypress/psoc creator/4.4/psoc creator/import/gnu/arm/5.4.1/bin/../lib/gcc/arm-none-eabi/5.4.1/../../../../arm-none-eabi/lib/armv7-m\libg_nano.a(lib_a-nano-vfprintf_i.o)
                0x000015ac                _printf_common
 .text._printf_i
                0x00001698      0x24c c:/program files (x86)/cypress/psoc creator/4.4/psoc creator/import/gnu/arm/5.4.1/bin/../lib/gcc/arm-none-eabi/5.4.1/../../../../arm-none-eabi/lib/armv7-m\libg_nano.a(lib_a-nano-vfprintf_i.o)
                0x00001698                _printf_i
 .text.sprintf  0x000018e4       0x48 c:/program files (x86)/cypress/psoc creator/4.4/psoc creator/import/gnu/arm/5.4.1/bin/../lib/gcc/arm-none-eabi/5.4.1/../../../../arm-none-eabi/lib/armv7-m\libg_nano.a(lib_a-sprintf.o)
                0x000018e4                siprintf
                0x000018e4                sprintf
 .text          0x0000192c       0x10 c:/program files (x86)/cypress/psoc creator/4.4/psoc creator/import/gnu/arm/5.4.1/bin/../lib/gcc/arm-none-eabi/5.4.1/../../../../arm-none-eabi/lib/armv7-m\libg_nano.a(lib_a-strlen.o)
                0x0000192c                strlen
 .text.quorem   0x0000193c      0x116 c:/program files (x86)/cypress/psoc creator/4.4/psoc creator/import/gnu/arm/5.4.1/bin/../lib/gcc/arm-none-eabi/5.4.1/../../../../arm-none-eabi/lib/armv7-m\libg_nano.a(lib_a-dtoa.o)
 *fill*         0x00001a52        0x6 
 .text._dtoa_r  0x00001a58      0xb30 c:/program files (x86)/cypress/psoc creator/4.4/psoc creator/import/gnu/arm/5.4.1/bin/../lib/gcc/arm-none-eabi/5.4.1/../../../../arm-none-eabi/lib/armv7-m\libg_nano.a(lib_a-dtoa.o)
                0x00001a58                _dtoa_r
 .text._localeconv_r
                0x00002588        0x8 c:/program files (x86)/cypress/psoc creator/4.4/psoc creator/import/gnu/arm/5.4.1/bin/../lib/gcc/arm-none-eabi/5.4.1/../../../../arm-none-eabi/lib/armv7-m\libg_nano.a(lib_a-locale.o)
                0x00002588                _localeconv_r
 .text.malloc   0x00002590       0x10 c:/program files (x86)/cypress/psoc creator/4.4/psoc creator/import/gnu/arm/5.4.1/bin/../lib/gcc/arm-none-eabi/5.4.1/../../../../arm-none-eabi/lib/armv7-m\libg_nano.a(lib_a-malloc.o)
                0x00002590                malloc
 .text.memchr   0x000025a0       0x1c c:/program files (x86)/cypress/psoc creator/4.4/psoc creator/import/gnu/arm/5.4.1/bin/../lib/gcc/arm-none-eabi/5.4.1/../../../../arm-none-eabi/lib/armv7-m\libg_nano.a(lib_a-memchr-stub.o)
                0x000025a0                memchr
 .text._Balloc  0x000025bc       0x6a c:/program files (x86)/cypress/psoc creator/4.4/psoc creator/import/gnu/arm/5.4.1/bin/../lib/gcc/arm-none-eabi/5.4.1/../../../../arm-none-eabi/lib/armv7-m\libg_nano.a(lib_a-mprec.o)
                0x000025bc                _Balloc
 .text._Bfree   0x00002626       0x2e c:/program files (x86)/cypress/psoc creator/4.4/psoc creator/import/gnu/arm/5.4.1/bin/../lib/gcc/arm-none-eabi/5.4.1/../../../../arm-none-eabi/lib/armv7-m\libg_nano.a(lib_a-mprec.o)
                0x00002626                _Bfree
 .text.__multadd
                0x00002654       0x76 c:/program files (x86)/cypress/psoc creator/4.4/psoc creator/import/gnu/arm/5.4.1/bin/../lib/gcc/arm-none-eabi/5.4.1/../../../../arm-none-eabi/lib/armv7-m\libg_nano.a(lib_a-mprec.o)
                0x00002654                __multadd
 .text.__hi0bits
                0x000026ca       0x40 c:/program files (x86)/cypress/psoc creator/4.4/psoc creator/import/gnu/arm/5.4.1/bin/../lib/gcc/arm-none-eabi/5.4.1/../../../../arm-none-eabi/lib/armv7-m\libg_nano.a(lib_a-mprec.o)
                0x000026ca                __hi0bits
 .text.__lo0bits
                0x0000270a       0x5a c:/program files (x86)/cypress/psoc creator/4.4/psoc creator/import/gnu/arm/5.4.1/bin/../lib/gcc/arm-none-eabi/5.4.1/../../../../arm-none-eabi/lib/armv7-m\libg_nano.a(lib_a-mprec.o)
                0x0000270a                __lo0bits
 .text.__i2b    0x00002764       0x12 c:/program files (x86)/cypress/psoc creator/4.4/psoc creator/import/gnu/arm/5.4.1/bin/../lib/gcc/arm-none-eabi/5.4.1/../../../../arm-none-eabi/lib/armv7-m\libg_nano.a(lib_a-mprec.o)
                0x00002764                __i2b
 .text.__multiply
                0x00002776      0x120 c:/program files (x86)/cypress/psoc creator/4.4/psoc creator/import/gnu/arm/5.4.1/bin/../lib/gcc/arm-none-eabi/5.4.1/../../../../arm-none-eabi/lib/armv7-m\libg_nano.a(lib_a-mprec.o)
                0x00002776                __multiply
 *fill*         0x00002896        0x2 
 .text.__pow5mult
                0x00002898       0x9c c:/program files (x86)/cypress/psoc creator/4.4/psoc creator/import/gnu/arm/5.4.1/bin/../lib/gcc/arm-none-eabi/5.4.1/../../../../arm-none-eabi/lib/armv7-m\libg_nano.a(lib_a-mprec.o)
                0x00002898                __pow5mult
 .text.__lshift
                0x00002934       0xa2 c:/program files (x86)/cypress/psoc creator/4.4/psoc creator/import/gnu/arm/5.4.1/bin/../lib/gcc/arm-none-eabi/5.4.1/../../../../arm-none-eabi/lib/armv7-m\libg_nano.a(lib_a-mprec.o)
                0x00002934                __lshift
 .text.__mcmp   0x000029d6       0x38 c:/program files (x86)/cypress/psoc creator/4.4/psoc creator/import/gnu/arm/5.4.1/bin/../lib/gcc/arm-none-eabi/5.4.1/../../../../arm-none-eabi/lib/armv7-m\libg_nano.a(lib_a-mprec.o)
                0x000029d6                __mcmp
 .text.__mdiff  0x00002a0e       0xbe c:/program files (x86)/cypress/psoc creator/4.4/psoc creator/import/gnu/arm/5.4.1/bin/../lib/gcc/arm-none-eabi/5.4.1/../../../../arm-none-eabi/lib/armv7-m\libg_nano.a(lib_a-mprec.o)
                0x00002a0e                __mdiff
 .text.__d2b    0x00002acc       0x9c c:/program files (x86)/cypress/psoc creator/4.4/psoc creator/import/gnu/arm/5.4.1/bin/../lib/gcc/arm-none-eabi/5.4.1/../../../../arm-none-eabi/lib/armv7-m\libg_nano.a(lib_a-mprec.o)
                0x00002acc                __d2b
 .text._calloc_r
                0x00002b68       0x1c c:/program files (x86)/cypress/psoc creator/4.4/psoc creator/import/gnu/arm/5.4.1/bin/../lib/gcc/arm-none-eabi/5.4.1/../../../../arm-none-eabi/lib/armv7-m\libg_nano.a(lib_a-nano-callocr.o)
                0x00002b68                _calloc_r
 .text._free_r  0x00002b84       0x98 c:/program files (x86)/cypress/psoc creator/4.4/psoc creator/import/gnu/arm/5.4.1/bin/../lib/gcc/arm-none-eabi/5.4.1/../../../../arm-none-eabi/lib/armv7-m\libg_nano.a(lib_a-nano-freer.o)
                0x00002b84                _free_r
 .text._malloc_r
                0x00002c1c       0xbc c:/program files (x86)/cypress/psoc creator/4.4/psoc creator/import/gnu/arm/5.4.1/bin/../lib/gcc/arm-none-eabi/5.4.1/../../../../arm-none-eabi/lib/armv7-m\libg_nano.a(lib_a-nano-mallocr.o)
                0x00002c1c                _malloc_r
 .text.__ssputs_r
                0x00002cd8       0xb2 c:/program files (x86)/cypress/psoc creator/4.4/psoc creator/import/gnu/arm/5.4.1/bin/../lib/gcc/arm-none-eabi/5.4.1/../../../../arm-none-eabi/lib/armv7-m\libg_nano.a(lib_a-nano-svfprintf.o)
                0x00002cd8                __ssputs_r
 *fill*         0x00002d8a        0x2 
 .text._svfprintf_r
                0x00002d8c      0x1e8 c:/program files (x86)/cypress/psoc creator/4.4/psoc creator/import/gnu/arm/5.4.1/bin/../lib/gcc/arm-none-eabi/5.4.1/../../../../arm-none-eabi/lib/armv7-m\libg_nano.a(lib_a-nano-svfprintf.o)
                0x00002d8c                _svfiprintf_r
                0x00002d8c                _svfprintf_r
 .text._sbrk_r  0x00002f74       0x20 c:/program files (x86)/cypress/psoc creator/4.4/psoc creator/import/gnu/arm/5.4.1/bin/../lib/gcc/arm-none-eabi/5.4.1/../../../../arm-none-eabi/lib/armv7-m\libg_nano.a(lib_a-sbrkr.o)
                0x00002f74                _sbrk_r
 .text.memmove  0x00002f94       0x36 c:/program files (x86)/cypress/psoc creator/4.4/psoc creator/import/gnu/arm/5.4.1/bin/../lib/gcc/arm-none-eabi/5.4.1/../../../../arm-none-eabi/lib/armv7-m\libg_nano.a(lib_a-memmove.o)
                0x00002f94                memmove
 .text.__malloc_lock
                0x00002fca        0x2 c:/program files (x86)/cypress/psoc creator/4.4/psoc creator/import/gnu/arm/5.4.1/bin/../lib/gcc/arm-none-eabi/5.4.1/../../../../arm-none-eabi/lib/armv7-m\libg_nano.a(lib_a-mlock.o)
                0x00002fca                __malloc_lock
 .text.__malloc_unlock
                0x00002fcc        0x2 c:/program files (x86)/cypress/psoc creator/4.4/psoc creator/import/gnu/arm/5.4.1/bin/../lib/gcc/arm-none-eabi/5.4.1/../../../../arm-none-eabi/lib/armv7-m\libg_nano.a(lib_a-mlock.o)
                0x00002fcc                __malloc_unlock
 .text._realloc_r
                0x00002fce       0x4c c:/program files (x86)/cypress/psoc creator/4.4/psoc creator/import/gnu/arm/5.4.1/bin/../lib/gcc/arm-none-eabi/5.4.1/../../../../arm-none-eabi/lib/armv7-m\libg_nano.a(lib_a-nano-reallocr.o)
                0x00002fce                _realloc_r
 .text._malloc_usable_size_r
                0x0000301a       0x14 c:/program files (x86)/cypress/psoc creator/4.4/psoc creator/import/gnu/arm/5.4.1/bin/../lib/gcc/arm-none-eabi/5.4.1/../../../../arm-none-eabi/lib/armv7-m\libg_nano.a(lib_a-nano-msizer.o)
                0x0000301a                _malloc_usable_size_r
 *fill*         0x0000302e        0x2 
 .text          0x00003030      0x110 c:/program files (x86)/cypress/psoc creator/4.4/psoc creator/import/gnu/arm/5.4.1/bin/../lib/gcc/arm-none-eabi/5.4.1/armv7-m\libgcc.a(_arm_cmpdf2.o)
                0x00003030                __gtdf2
                0x00003030                __gedf2
                0x00003038                __ltdf2
                0x00003038                __ledf2
                0x00003040                __nedf2
                0x00003040                __eqdf2
                0x00003040                __cmpdf2
                0x000030bc                __aeabi_cdrcmple
                0x000030cc                __aeabi_cdcmpeq
                0x000030cc                __aeabi_cdcmple
                0x000030dc                __aeabi_dcmpeq
                0x000030f0                __aeabi_dcmplt
                0x00003104                __aeabi_dcmple
                0x00003118                __aeabi_dcmpge
                0x0000312c                __aeabi_dcmpgt
 .text          0x00003140       0x2c c:/program files (x86)/cypress/psoc creator/4.4/psoc creator/import/gnu/arm/5.4.1/bin/../lib/gcc/arm-none-eabi/5.4.1/armv7-m\libgcc.a(_arm_unorddf2.o)
                0x00003140                __unorddf2
                0x00003140                __aeabi_dcmpun
 .text          0x0000316c       0x50 c:/program files (x86)/cypress/psoc creator/4.4/psoc creator/import/gnu/arm/5.4.1/bin/../lib/gcc/arm-none-eabi/5.4.1/armv7-m\libgcc.a(_arm_fixdfsi.o)
                0x0000316c                __aeabi_d2iz
                0x0000316c                __fixdfsi
 *(.plt)
 *(.gnu.warning)
 *(.glue_7t)
 .glue_7t       0x000031bc        0x0 linker stubs
 *(.glue_7)
 .glue_7        0x000031bc        0x0 linker stubs
 *(.vfp11_veneer)
 .vfp11_veneer  0x000031bc        0x0 linker stubs
 *(.bootloader)
 *(.ARM.extab* .gnu.linkonce.armextab.*)
 *(.gcc_except_table)

.v4_bx          0x000031bc        0x0
 .v4_bx         0x000031bc        0x0 linker stubs

.iplt           0x000031bc        0x0
 .iplt          0x000031bc        0x0 c:/program files (x86)/cypress/psoc creator/4.4/psoc creator/import/gnu/arm/5.4.1/bin/../lib/gcc/arm-none-eabi/5.4.1/armv7-m/crtbegin.o

.eh_frame_hdr
 *(.eh_frame_hdr)

.eh_frame       0x000031bc        0x4
 *(.eh_frame)
 .eh_frame      0x000031bc        0x0 c:/program files (x86)/cypress/psoc creator/4.4/psoc creator/import/gnu/arm/5.4.1/bin/../lib/gcc/arm-none-eabi/5.4.1/armv7-m/crtbegin.o
 .eh_frame      0x000031bc        0x4 c:/program files (x86)/cypress/psoc creator/4.4/psoc creator/import/gnu/arm/5.4.1/bin/../lib/gcc/arm-none-eabi/5.4.1/armv7-m/crtend.o
                [!provide]                PROVIDE (__exidx_start, .)

.ARM.exidx
 *(.ARM.exidx* .gnu.linkonce.armexidx.*)
                0x000031c0                __exidx_end = .

.rodata         0x000031c0      0x1e0
 *(.rodata .rodata.* .gnu.linkonce.r.*)
 .rodata.str1.4
                0x000031c0       0x1c .\CortexM3\ARM_GCC_541\Debug\main.o
                                 0x1a (size before relaxing)
 .rodata        0x000031dc       0x30 .\CortexM3\ARM_GCC_541\Debug\cyfitter_cfg.o
 .rodata.str1.1
                0x0000320c        0x2 c:/program files (x86)/cypress/psoc creator/4.4/psoc creator/import/gnu/arm/5.4.1/bin/../lib/gcc/arm-none-eabi/5.4.1/../../../../arm-none-eabi/lib/armv7-m\libg_nano.a(lib_a-impure.o)
 .rodata.str1.1
                0x0000320e       0x12 c:/program files (x86)/cypress/psoc creator/4.4/psoc creator/import/gnu/arm/5.4.1/bin/../lib/gcc/arm-none-eabi/5.4.1/../../../../arm-none-eabi/lib/armv7-m\libg_nano.a(lib_a-nano-vfprintf_float.o)
 .rodata.str1.1
                0x00003220       0x22 c:/program files (x86)/cypress/psoc creator/4.4/psoc creator/import/gnu/arm/5.4.1/bin/../lib/gcc/arm-none-eabi/5.4.1/../../../../arm-none-eabi/lib/armv7-m\libg_nano.a(lib_a-nano-vfprintf_i.o)
 .rodata.str1.1
                0x00003242        0xd c:/program files (x86)/cypress/psoc creator/4.4/psoc creator/import/gnu/arm/5.4.1/bin/../lib/gcc/arm-none-eabi/5.4.1/../../../../arm-none-eabi/lib/armv7-m\libg_nano.a(lib_a-dtoa.o)
                                  0xf (size before relaxing)
 .rodata.str1.1
                0x0000324f        0x8 c:/program files (x86)/cypress/psoc creator/4.4/psoc creator/import/gnu/arm/5.4.1/bin/../lib/gcc/arm-none-eabi/5.4.1/../../../../arm-none-eabi/lib/armv7-m\libg_nano.a(lib_a-locale.o)
                                  0xb (size before relaxing)
 *fill*         0x00003257        0x1 
 .rodata.__mprec_tens
                0x00003258       0xc8 c:/program files (x86)/cypress/psoc creator/4.4/psoc creator/import/gnu/arm/5.4.1/bin/../lib/gcc/arm-none-eabi/5.4.1/../../../../arm-none-eabi/lib/armv7-m\libg_nano.a(lib_a-mprec.o)
                0x00003258                __mprec_tens
 .rodata.p05.5408
                0x00003320        0xc c:/program files (x86)/cypress/psoc creator/4.4/psoc creator/import/gnu/arm/5.4.1/bin/../lib/gcc/arm-none-eabi/5.4.1/../../../../arm-none-eabi/lib/armv7-m\libg_nano.a(lib_a-mprec.o)
 *fill*         0x0000332c        0x4 
 .rodata.__mprec_bigtens
                0x00003330       0x28 c:/program files (x86)/cypress/psoc creator/4.4/psoc creator/import/gnu/arm/5.4.1/bin/../lib/gcc/arm-none-eabi/5.4.1/../../../../arm-none-eabi/lib/armv7-m\libg_nano.a(lib_a-mprec.o)
                0x00003330                __mprec_bigtens
 .rodata.str1.1
                0x00003358       0x11 c:/program files (x86)/cypress/psoc creator/4.4/psoc creator/import/gnu/arm/5.4.1/bin/../lib/gcc/arm-none-eabi/5.4.1/../../../../arm-none-eabi/lib/armv7-m\libg_nano.a(lib_a-nano-svfprintf.o)
                0x0000336c                . = ALIGN (0x4)
 *fill*         0x00003369        0x3 
 *(.init)
 .init          0x0000336c        0x4 c:/program files (x86)/cypress/psoc creator/4.4/psoc creator/import/gnu/arm/5.4.1/bin/../lib/gcc/arm-none-eabi/5.4.1/armv7-m/crti.o
                0x0000336c                _init
 .init          0x00003370        0x8 c:/program files (x86)/cypress/psoc creator/4.4/psoc creator/import/gnu/arm/5.4.1/bin/../lib/gcc/arm-none-eabi/5.4.1/armv7-m/crtn.o
                0x00003378                . = ALIGN (0x4)
                0x00003378                __preinit_array_start = .
 *(.preinit_array)
                0x00003378                __preinit_array_end = .
                0x00003378                . = ALIGN (0x4)
                0x00003378                __init_array_start = .
 *(SORT(.init_array.*))
 *(.init_array)
 .init_array    0x00003378        0x4 c:/program files (x86)/cypress/psoc creator/4.4/psoc creator/import/gnu/arm/5.4.1/bin/../lib/gcc/arm-none-eabi/5.4.1/armv7-m/crtbegin.o
 .init_array    0x0000337c        0x4 .\CortexM3\ARM_GCC_541\Debug\Cm3Start.o
                0x00003380                __init_array_end = .
                0x00003380                . = ALIGN (0x4)
 *(.fini)
 .fini          0x00003380        0x4 c:/program files (x86)/cypress/psoc creator/4.4/psoc creator/import/gnu/arm/5.4.1/bin/../lib/gcc/arm-none-eabi/5.4.1/armv7-m/crti.o
                0x00003380                _fini
 .fini          0x00003384        0x8 c:/program files (x86)/cypress/psoc creator/4.4/psoc creator/import/gnu/arm/5.4.1/bin/../lib/gcc/arm-none-eabi/5.4.1/armv7-m/crtn.o
                0x0000338c                . = ALIGN (0x4)
                0x0000338c                __fini_array_start = .
 *(.fini_array)
 .fini_array    0x0000338c        0x4 c:/program files (x86)/cypress/psoc creator/4.4/psoc creator/import/gnu/arm/5.4.1/bin/../lib/gcc/arm-none-eabi/5.4.1/armv7-m/crtbegin.o
 *(SORT(.fini_array.*))
                0x00003390                __fini_array_end = .
                0x00003390                . = ALIGN (0x4)
 *crtbegin.o(.ctors)
 *(EXCLUDE_FILE(*crtend.o) .ctors)
 *(SORT(.ctors.*))
 *crtend.o(.ctors)
                0x00003390                . = ALIGN (0x4)
 *crtbegin.o(.dtors)
 *(EXCLUDE_FILE(*crtend.o) .dtors)
 *(SORT(.dtors.*))
 *crtend.o(.dtors)
                0x00003390                . = ALIGN (0x4)
                0x00003390                __cy_regions = .
                0x00003390        0x4 LONG 0x33a0 __cy_region_init_ram
                0x00003394        0x4 LONG 0x1fff80c8 __cy_region_start_data
                0x00003398        0x4 LONG 0xa8 __cy_region_init_size_ram
                0x0000339c        0x4 LONG 0x140 __cy_region_zero_size_ram
                0x000033a0                __cy_regions_end = .
                0x000033a0                . = ALIGN (0x8)
                0x000033a0                _etext = .

.cy_checksum_exclude
                0x000033a0        0x0
 *(.cy_checksum_exclude)

.ramvectors     0x1fff8000       0xc0
                0x1fff8000                __cy_region_start_ram = .
 *(.ramvectors)
 .ramvectors    0x1fff8000       0xc0 .\CortexM3\ARM_GCC_541\Debug\Cm3Start.o
                0x1fff8000                CyRamVectors

.noinit         0x1fff80c0        0x1
 *(.noinit)
 .noinit        0x1fff80c0        0x1 .\CortexM3\ARM_GCC_541\Debug\Dron-A Lisa.a(CyLib.o)
                0x1fff80c0                CyResetStatus

.data           0x1fff80c8       0xa8 load address 0x000033a0
                0x1fff80c8                __cy_region_start_data = .
 *(.jcr)
 .jcr           0x1fff80c8        0x0 c:/program files (x86)/cypress/psoc creator/4.4/psoc creator/import/gnu/arm/5.4.1/bin/../lib/gcc/arm-none-eabi/5.4.1/armv7-m/crtbegin.o
 .jcr           0x1fff80c8        0x4 c:/program files (x86)/cypress/psoc creator/4.4/psoc creator/import/gnu/arm/5.4.1/bin/../lib/gcc/arm-none-eabi/5.4.1/armv7-m/crtend.o
 *(.got.plt)
 *(.got)
 *(.shdata)
 *(.data .data.* .gnu.linkonce.d.*)
 .data          0x1fff80cc        0x4 .\CortexM3\ARM_GCC_541\Debug\Cm3Start.o
 .data.impure_data
                0x1fff80d0       0x60 c:/program files (x86)/cypress/psoc creator/4.4/psoc creator/import/gnu/arm/5.4.1/bin/../lib/gcc/arm-none-eabi/5.4.1/../../../../arm-none-eabi/lib/armv7-m\libg_nano.a(lib_a-impure.o)
 .data._impure_ptr
                0x1fff8130        0x4 c:/program files (x86)/cypress/psoc creator/4.4/psoc creator/import/gnu/arm/5.4.1/bin/../lib/gcc/arm-none-eabi/5.4.1/../../../../arm-none-eabi/lib/armv7-m\libg_nano.a(lib_a-impure.o)
                0x1fff8130                _impure_ptr
 .data.lconv    0x1fff8134       0x38 c:/program files (x86)/cypress/psoc creator/4.4/psoc creator/import/gnu/arm/5.4.1/bin/../lib/gcc/arm-none-eabi/5.4.1/../../../../arm-none-eabi/lib/armv7-m\libg_nano.a(lib_a-locale.o)
                0x1fff8170                . = ALIGN (0x8)
 *fill*         0x1fff816c        0x4 
 *(.ram)
                0x1fff8170                _edata = .

.igot.plt       0x1fff8170        0x0 load address 0x00003448
 .igot.plt      0x1fff8170        0x0 c:/program files (x86)/cypress/psoc creator/4.4/psoc creator/import/gnu/arm/5.4.1/bin/../lib/gcc/arm-none-eabi/5.4.1/armv7-m/crtbegin.o

.bss            0x1fff8170      0x140 load address 0x00003448
                0x1fff8170                PROVIDE (__bss_start__, .)
 *(.shbss)
 *(.bss .bss.* .gnu.linkonce.b.*)
 .bss           0x1fff8170       0x1c c:/program files (x86)/cypress/psoc creator/4.4/psoc creator/import/gnu/arm/5.4.1/bin/../lib/gcc/arm-none-eabi/5.4.1/armv7-m/crtbegin.o
 .bss           0x1fff818c        0x8 .\CortexM3\ARM_GCC_541\Debug\sensor.o
                0x1fff818c                count
                0x1fff8190                newCountFlag
 .bss           0x1fff8194        0x2 .\CortexM3\ARM_GCC_541\Debug\Dron-A Lisa.a(UART_1.o)
                0x1fff8194                UART_1_initVar
 .bss           0x1fff8196        0x1 .\CortexM3\ARM_GCC_541\Debug\Dron-A Lisa.a(Counter_Sensor.o)
                0x1fff8196                Counter_Sensor_initVar
 .bss           0x1fff8197        0x1 .\CortexM3\ARM_GCC_541\Debug\Dron-A Lisa.a(Sensor_Out.o)
                0x1fff8197                Sensor_Out_initVar
 .bss.__malloc_sbrk_start
                0x1fff8198        0x4 c:/program files (x86)/cypress/psoc creator/4.4/psoc creator/import/gnu/arm/5.4.1/bin/../lib/gcc/arm-none-eabi/5.4.1/../../../../arm-none-eabi/lib/armv7-m\libg_nano.a(lib_a-nano-mallocr.o)
                0x1fff8198                __malloc_sbrk_start
 .bss.__malloc_free_list
                0x1fff819c        0x4 c:/program files (x86)/cypress/psoc creator/4.4/psoc creator/import/gnu/arm/5.4.1/bin/../lib/gcc/arm-none-eabi/5.4.1/../../../../arm-none-eabi/lib/armv7-m\libg_nano.a(lib_a-nano-mallocr.o)
                0x1fff819c                __malloc_free_list
 *(COMMON)
 COMMON         0x1fff81a0      0x108 .\CortexM3\ARM_GCC_541\Debug\main.o
                0x1fff81a0                outputBuffer
                0x1fff82a0                angle
 COMMON         0x1fff82a8        0x4 c:/program files (x86)/cypress/psoc creator/4.4/psoc creator/import/gnu/arm/5.4.1/bin/../lib/gcc/arm-none-eabi/5.4.1/../../../../arm-none-eabi/lib/armv7-m\libg_nano.a(lib_a-reent.o)
                0x1fff82a8                errno
                0x1fff82b0                . = ALIGN (0x8)
 *fill*         0x1fff82ac        0x4 
 *(.ram.b)
                0x1fff82b0                _end = .
                0x1fff82b0                __end = .
                0x1fff82b0                PROVIDE (end, .)
                0x1fff82b0                PROVIDE (__bss_end__, .)
                0x000033a0                __cy_region_init_ram = LOADADDR (.data)
                0x000000a8                __cy_region_init_size_ram = (_edata - ADDR (.data))
                0x00000140                __cy_region_zero_size_ram = (_end - _edata)

.heap           0x1fff82b0      0x200 load address 0x00003448
                0x1fff82b0                . = _end
                0x1fff84b0                . = (. + 0x200)
 *fill*         0x1fff82b0      0x200 
                0x1fff84b0                __cy_heap_limit = .

.stack          0x20007800      0x800
                0x20007800                __cy_stack_limit = .
                0x20008000                . = (. + 0x800)
 *fill*         0x20007800      0x800 
                0x00000001                ASSERT ((__cy_stack_limit >= __cy_heap_limit), region RAM overflowed with stack)
                0x00000000                cy_checksum_exclude_size = (CY_APPL_LOADABLE == 0x1)?SIZEOF (.cy_checksum_exclude):0x0
                0x00000001                ASSERT ((cy_checksum_exclude_size <= CY_CHECKSUM_EXCLUDE_SIZE), CY_BOOT: Section .cy_checksum_exclude size exceedes specified limit.)

.cyloadermeta
 *(.cyloadermeta)

.cyloadablemeta
 *(.cyloadablemeta)

.cyconfigecc    0x80000000      0x7c0
 *(.cyconfigecc)
 .cyconfigecc   0x80000000      0x7c0 .\CortexM3\ARM_GCC_541\Debug\cymetadata.o
                0x80000000                cy_meta_configecc

.cycustnvl      0x90000000        0x4
 *(.cycustnvl)
 .cycustnvl     0x90000000        0x4 .\CortexM3\ARM_GCC_541\Debug\cymetadata.o
                0x90000000                cy_meta_custnvl

.cywolatch      0x90100000        0x4
 *(.cywolatch)
 .cywolatch     0x90100000        0x4 .\CortexM3\ARM_GCC_541\Debug\cymetadata.o
                0x90100000                cy_meta_wonvl

.cyeeprom       0x90200000        0x0
 *(.cyeeprom)
                0x00000001                ASSERT ((. <= ((0x90200000 + ee_offset) + ee_size)), .cyeeprom data will not fit in EEPROM)

.cyflashprotect
                0x90400000      0x100
 *(.cyflashprotect)
 .cyflashprotect
                0x90400000      0x100 .\CortexM3\ARM_GCC_541\Debug\cymetadata.o
                0x90400000                cy_meta_flashprotect

.cymeta         0x90500000        0xc
 *(.cymeta)
 .cymeta        0x90500000        0xc .\CortexM3\ARM_GCC_541\Debug\cymetadata.o
                0x90500000                cy_metadata

.rel.dyn        0x00003448        0x0 load address 0x9050000c
 .rel.iplt      0x00003448        0x0 c:/program files (x86)/cypress/psoc creator/4.4/psoc creator/import/gnu/arm/5.4.1/bin/../lib/gcc/arm-none-eabi/5.4.1/armv7-m/crtbegin.o

.stab
 *(.stab)

.stabstr
 *(.stabstr)

.debug
 *(.debug)

.line
 *(.line)

.debug_srcinfo
 *(.debug_srcinfo)

.debug_sfnames
 *(.debug_sfnames)

.debug_aranges  0x00000000      0xa40
 *(.debug_aranges)
 .debug_aranges
                0x00000000       0x28 .\CortexM3\ARM_GCC_541\Debug\main.o
 .debug_aranges
                0x00000028       0x30 .\CortexM3\ARM_GCC_541\Debug\motor.o
 .debug_aranges
                0x00000058       0x20 .\CortexM3\ARM_GCC_541\Debug\PIDcontroller.o
 .debug_aranges
                0x00000078       0x28 .\CortexM3\ARM_GCC_541\Debug\tfTest.o
 .debug_aranges
                0x000000a0       0x50 .\CortexM3\ARM_GCC_541\Debug\sensor.o
 .debug_aranges
                0x000000f0       0x58 .\CortexM3\ARM_GCC_541\Debug\cyfitter_cfg.o
 .debug_aranges
                0x00000148       0x18 .\CortexM3\ARM_GCC_541\Debug\cymetadata.o
 .debug_aranges
                0x00000160       0x48 .\CortexM3\ARM_GCC_541\Debug\Cm3Start.o
 .debug_aranges
                0x000001a8       0x70 .\CortexM3\ARM_GCC_541\Debug\Dron-A Lisa.a(Clock_1.o)
 .debug_aranges
                0x00000218       0xf0 .\CortexM3\ARM_GCC_541\Debug\Dron-A Lisa.a(UART_1.o)
 .debug_aranges
                0x00000308       0x70 .\CortexM3\ARM_GCC_541\Debug\Dron-A Lisa.a(UART_1_IntClock.o)
 .debug_aranges
                0x00000378      0x2a0 .\CortexM3\ARM_GCC_541\Debug\Dron-A Lisa.a(CyLib.o)
 .debug_aranges
                0x00000618       0x98 .\CortexM3\ARM_GCC_541\Debug\Dron-A Lisa.a(cyPm.o)
 .debug_aranges
                0x000006b0       0x98 .\CortexM3\ARM_GCC_541\Debug\Dron-A Lisa.a(Counter_Sensor.o)
 .debug_aranges
                0x00000748       0x80 .\CortexM3\ARM_GCC_541\Debug\Dron-A Lisa.a(sensor_input_isr.o)
 .debug_aranges
                0x000007c8       0xa8 .\CortexM3\ARM_GCC_541\Debug\Dron-A Lisa.a(Sensor_Out.o)
 .debug_aranges
                0x00000870       0xa8 .\CortexM3\ARM_GCC_541\Debug\Dron-A Lisa.a(Motor_PWM.o)
 .debug_aranges
                0x00000918       0x20 .\CortexM3\ARM_GCC_541\Debug\Dron-A Lisa.a(CyBootAsmGnu.o)
 .debug_aranges
                0x00000938       0x88 .\CortexM3\ARM_GCC_541\Debug\Dron-A Lisa.a(CyFlash.o)
 .debug_aranges
                0x000009c0       0x80 .\CortexM3\ARM_GCC_541\Debug\Dron-A Lisa.a(CySpc.o)

.debug_pubnames
 *(.debug_pubnames)

.debug_info     0x00000000     0x5642
 *(.debug_info .gnu.linkonce.wi.*)
 .debug_info    0x00000000      0x2e3 .\CortexM3\ARM_GCC_541\Debug\main.o
 .debug_info    0x000002e3      0x1c2 .\CortexM3\ARM_GCC_541\Debug\motor.o
 .debug_info    0x000004a5      0x1fe .\CortexM3\ARM_GCC_541\Debug\PIDcontroller.o
 .debug_info    0x000006a3      0x14c .\CortexM3\ARM_GCC_541\Debug\tfTest.o
 .debug_info    0x000007ef      0x253 .\CortexM3\ARM_GCC_541\Debug\sensor.o
 .debug_info    0x00000a42      0x4c9 .\CortexM3\ARM_GCC_541\Debug\cyfitter_cfg.o
 .debug_info    0x00000f0b      0x139 .\CortexM3\ARM_GCC_541\Debug\cymetadata.o
 .debug_info    0x00001044      0x3bb .\CortexM3\ARM_GCC_541\Debug\Cm3Start.o
 .debug_info    0x000013ff      0x283 .\CortexM3\ARM_GCC_541\Debug\Dron-A Lisa.a(Clock_1.o)
 .debug_info    0x00001682      0x60c .\CortexM3\ARM_GCC_541\Debug\Dron-A Lisa.a(UART_1.o)
 .debug_info    0x00001c8e      0x283 .\CortexM3\ARM_GCC_541\Debug\Dron-A Lisa.a(UART_1_IntClock.o)
 .debug_info    0x00001f11     0x1374 .\CortexM3\ARM_GCC_541\Debug\Dron-A Lisa.a(CyLib.o)
 .debug_info    0x00003285      0xa2a .\CortexM3\ARM_GCC_541\Debug\Dron-A Lisa.a(cyPm.o)
 .debug_info    0x00003caf      0x344 .\CortexM3\ARM_GCC_541\Debug\Dron-A Lisa.a(Counter_Sensor.o)
 .debug_info    0x00003ff3      0x2d2 .\CortexM3\ARM_GCC_541\Debug\Dron-A Lisa.a(sensor_input_isr.o)
 .debug_info    0x000042c5      0x37f .\CortexM3\ARM_GCC_541\Debug\Dron-A Lisa.a(Sensor_Out.o)
 .debug_info    0x00004644      0x3a4 .\CortexM3\ARM_GCC_541\Debug\Dron-A Lisa.a(Motor_PWM.o)
 .debug_info    0x000049e8       0xbd .\CortexM3\ARM_GCC_541\Debug\Dron-A Lisa.a(CyBootAsmGnu.o)
 .debug_info    0x00004aa5      0x64d .\CortexM3\ARM_GCC_541\Debug\Dron-A Lisa.a(CyFlash.o)
 .debug_info    0x000050f2      0x550 .\CortexM3\ARM_GCC_541\Debug\Dron-A Lisa.a(CySpc.o)

.debug_abbrev   0x00000000     0x18fb
 *(.debug_abbrev)
 .debug_abbrev  0x00000000      0x11a .\CortexM3\ARM_GCC_541\Debug\main.o
 .debug_abbrev  0x0000011a       0xdf .\CortexM3\ARM_GCC_541\Debug\motor.o
 .debug_abbrev  0x000001f9       0xc3 .\CortexM3\ARM_GCC_541\Debug\PIDcontroller.o
 .debug_abbrev  0x000002bc       0xc0 .\CortexM3\ARM_GCC_541\Debug\tfTest.o
 .debug_abbrev  0x0000037c       0xfd .\CortexM3\ARM_GCC_541\Debug\sensor.o
 .debug_abbrev  0x00000479      0x1fe .\CortexM3\ARM_GCC_541\Debug\cyfitter_cfg.o
 .debug_abbrev  0x00000677       0x77 .\CortexM3\ARM_GCC_541\Debug\cymetadata.o
 .debug_abbrev  0x000006ee      0x1e8 .\CortexM3\ARM_GCC_541\Debug\Cm3Start.o
 .debug_abbrev  0x000008d6      0x139 .\CortexM3\ARM_GCC_541\Debug\Dron-A Lisa.a(Clock_1.o)
 .debug_abbrev  0x00000a0f      0x175 .\CortexM3\ARM_GCC_541\Debug\Dron-A Lisa.a(UART_1.o)
 .debug_abbrev  0x00000b84      0x139 .\CortexM3\ARM_GCC_541\Debug\Dron-A Lisa.a(UART_1_IntClock.o)
 .debug_abbrev  0x00000cbd      0x254 .\CortexM3\ARM_GCC_541\Debug\Dron-A Lisa.a(CyLib.o)
 .debug_abbrev  0x00000f11      0x1ab .\CortexM3\ARM_GCC_541\Debug\Dron-A Lisa.a(cyPm.o)
 .debug_abbrev  0x000010bc      0x117 .\CortexM3\ARM_GCC_541\Debug\Dron-A Lisa.a(Counter_Sensor.o)
 .debug_abbrev  0x000011d3      0x173 .\CortexM3\ARM_GCC_541\Debug\Dron-A Lisa.a(sensor_input_isr.o)
 .debug_abbrev  0x00001346      0x133 .\CortexM3\ARM_GCC_541\Debug\Dron-A Lisa.a(Sensor_Out.o)
 .debug_abbrev  0x00001479      0x133 .\CortexM3\ARM_GCC_541\Debug\Dron-A Lisa.a(Motor_PWM.o)
 .debug_abbrev  0x000015ac       0x14 .\CortexM3\ARM_GCC_541\Debug\Dron-A Lisa.a(CyBootAsmGnu.o)
 .debug_abbrev  0x000015c0      0x1a7 .\CortexM3\ARM_GCC_541\Debug\Dron-A Lisa.a(CyFlash.o)
 .debug_abbrev  0x00001767      0x194 .\CortexM3\ARM_GCC_541\Debug\Dron-A Lisa.a(CySpc.o)

.debug_line     0x00000000     0x29af
 *(.debug_line)
 .debug_line    0x00000000      0x20e .\CortexM3\ARM_GCC_541\Debug\main.o
 .debug_line    0x0000020e      0x1b4 .\CortexM3\ARM_GCC_541\Debug\motor.o
 .debug_line    0x000003c2      0x19c .\CortexM3\ARM_GCC_541\Debug\PIDcontroller.o
 .debug_line    0x0000055e       0xc7 .\CortexM3\ARM_GCC_541\Debug\tfTest.o
 .debug_line    0x00000625      0x1fb .\CortexM3\ARM_GCC_541\Debug\sensor.o
 .debug_line    0x00000820      0x1e0 .\CortexM3\ARM_GCC_541\Debug\cyfitter_cfg.o
 .debug_line    0x00000a00      0x141 .\CortexM3\ARM_GCC_541\Debug\cymetadata.o
 .debug_line    0x00000b41      0x234 .\CortexM3\ARM_GCC_541\Debug\Cm3Start.o
 .debug_line    0x00000d75      0x176 .\CortexM3\ARM_GCC_541\Debug\Dron-A Lisa.a(Clock_1.o)
 .debug_line    0x00000eeb      0x2c0 .\CortexM3\ARM_GCC_541\Debug\Dron-A Lisa.a(UART_1.o)
 .debug_line    0x000011ab      0x17e .\CortexM3\ARM_GCC_541\Debug\Dron-A Lisa.a(UART_1_IntClock.o)
 .debug_line    0x00001329      0x816 .\CortexM3\ARM_GCC_541\Debug\Dron-A Lisa.a(CyLib.o)
 .debug_line    0x00001b3f      0x367 .\CortexM3\ARM_GCC_541\Debug\Dron-A Lisa.a(cyPm.o)
 .debug_line    0x00001ea6      0x18e .\CortexM3\ARM_GCC_541\Debug\Dron-A Lisa.a(Counter_Sensor.o)
 .debug_line    0x00002034      0x13d .\CortexM3\ARM_GCC_541\Debug\Dron-A Lisa.a(sensor_input_isr.o)
 .debug_line    0x00002171      0x1ae .\CortexM3\ARM_GCC_541\Debug\Dron-A Lisa.a(Sensor_Out.o)
 .debug_line    0x0000231f      0x1b0 .\CortexM3\ARM_GCC_541\Debug\Dron-A Lisa.a(Motor_PWM.o)
 .debug_line    0x000024cf       0x66 .\CortexM3\ARM_GCC_541\Debug\Dron-A Lisa.a(CyBootAsmGnu.o)
 .debug_line    0x00002535      0x21a .\CortexM3\ARM_GCC_541\Debug\Dron-A Lisa.a(CyFlash.o)
 .debug_line    0x0000274f      0x260 .\CortexM3\ARM_GCC_541\Debug\Dron-A Lisa.a(CySpc.o)

.debug_frame    0x00000000     0x22d4
 *(.debug_frame)
 .debug_frame   0x00000000       0x4c .\CortexM3\ARM_GCC_541\Debug\main.o
 .debug_frame   0x0000004c       0x64 .\CortexM3\ARM_GCC_541\Debug\motor.o
 .debug_frame   0x000000b0       0x3c .\CortexM3\ARM_GCC_541\Debug\PIDcontroller.o
 .debug_frame   0x000000ec       0x50 .\CortexM3\ARM_GCC_541\Debug\tfTest.o
 .debug_frame   0x0000013c       0xd4 .\CortexM3\ARM_GCC_541\Debug\sensor.o
 .debug_frame   0x00000210       0xe4 .\CortexM3\ARM_GCC_541\Debug\cyfitter_cfg.o
 .debug_frame   0x000002f4       0xb8 .\CortexM3\ARM_GCC_541\Debug\Cm3Start.o
 .debug_frame   0x000003ac       0xe0 .\CortexM3\ARM_GCC_541\Debug\Dron-A Lisa.a(Clock_1.o)
 .debug_frame   0x0000048c      0x250 .\CortexM3\ARM_GCC_541\Debug\Dron-A Lisa.a(UART_1.o)
 .debug_frame   0x000006dc       0xe0 .\CortexM3\ARM_GCC_541\Debug\Dron-A Lisa.a(UART_1_IntClock.o)
 .debug_frame   0x000007bc      0x738 .\CortexM3\ARM_GCC_541\Debug\Dron-A Lisa.a(CyLib.o)
 .debug_frame   0x00000ef4      0x1f8 .\CortexM3\ARM_GCC_541\Debug\Dron-A Lisa.a(cyPm.o)
 .debug_frame   0x000010ec      0x134 .\CortexM3\ARM_GCC_541\Debug\Dron-A Lisa.a(Counter_Sensor.o)
 .debug_frame   0x00001220      0x104 .\CortexM3\ARM_GCC_541\Debug\Dron-A Lisa.a(sensor_input_isr.o)
 .debug_frame   0x00001324      0x154 .\CortexM3\ARM_GCC_541\Debug\Dron-A Lisa.a(Sensor_Out.o)
 .debug_frame   0x00001478      0x154 .\CortexM3\ARM_GCC_541\Debug\Dron-A Lisa.a(Motor_PWM.o)
 .debug_frame   0x000015cc      0x194 .\CortexM3\ARM_GCC_541\Debug\Dron-A Lisa.a(CyFlash.o)
 .debug_frame   0x00001760      0x180 .\CortexM3\ARM_GCC_541\Debug\Dron-A Lisa.a(CySpc.o)
 .debug_frame   0x000018e0       0x34 c:/program files (x86)/cypress/psoc creator/4.4/psoc creator/import/gnu/arm/5.4.1/bin/../lib/gcc/arm-none-eabi/5.4.1/../../../../arm-none-eabi/lib/armv7-m\libm.a(lib_a-sf_sin.o)
 .debug_frame   0x00001914       0x48 c:/program files (x86)/cypress/psoc creator/4.4/psoc creator/import/gnu/arm/5.4.1/bin/../lib/gcc/arm-none-eabi/5.4.1/../../../../arm-none-eabi/lib/armv7-m\libm.a(lib_a-ef_rem_pio2.o)
 .debug_frame   0x0000195c       0x34 c:/program files (x86)/cypress/psoc creator/4.4/psoc creator/import/gnu/arm/5.4.1/bin/../lib/gcc/arm-none-eabi/5.4.1/../../../../arm-none-eabi/lib/armv7-m\libm.a(lib_a-kf_cos.o)
 .debug_frame   0x00001990       0x50 c:/program files (x86)/cypress/psoc creator/4.4/psoc creator/import/gnu/arm/5.4.1/bin/../lib/gcc/arm-none-eabi/5.4.1/../../../../arm-none-eabi/lib/armv7-m\libm.a(lib_a-kf_rem_pio2.o)
 .debug_frame   0x000019e0       0x34 c:/program files (x86)/cypress/psoc creator/4.4/psoc creator/import/gnu/arm/5.4.1/bin/../lib/gcc/arm-none-eabi/5.4.1/../../../../arm-none-eabi/lib/armv7-m\libm.a(lib_a-kf_sin.o)
 .debug_frame   0x00001a14       0x20 c:/program files (x86)/cypress/psoc creator/4.4/psoc creator/import/gnu/arm/5.4.1/bin/../lib/gcc/arm-none-eabi/5.4.1/../../../../arm-none-eabi/lib/armv7-m\libm.a(lib_a-sf_fabs.o)
 .debug_frame   0x00001a34       0x30 c:/program files (x86)/cypress/psoc creator/4.4/psoc creator/import/gnu/arm/5.4.1/bin/../lib/gcc/arm-none-eabi/5.4.1/../../../../arm-none-eabi/lib/armv7-m\libm.a(lib_a-sf_floor.o)
 .debug_frame   0x00001a64       0x2c c:/program files (x86)/cypress/psoc creator/4.4/psoc creator/import/gnu/arm/5.4.1/bin/../lib/gcc/arm-none-eabi/5.4.1/../../../../arm-none-eabi/lib/armv7-m\libm.a(lib_a-sf_scalbn.o)
 .debug_frame   0x00001a90       0x20 c:/program files (x86)/cypress/psoc creator/4.4/psoc creator/import/gnu/arm/5.4.1/bin/../lib/gcc/arm-none-eabi/5.4.1/../../../../arm-none-eabi/lib/armv7-m\libm.a(lib_a-sf_copysign.o)
 .debug_frame   0x00001ab0       0x20 c:/program files (x86)/cypress/psoc creator/4.4/psoc creator/import/gnu/arm/5.4.1/bin/../lib/gcc/arm-none-eabi/5.4.1/../../../../arm-none-eabi/lib/armv7-m\libg_nano.a(lib_a-errno.o)
 .debug_frame   0x00001ad0       0x28 c:/program files (x86)/cypress/psoc creator/4.4/psoc creator/import/gnu/arm/5.4.1/bin/../lib/gcc/arm-none-eabi/5.4.1/../../../../arm-none-eabi/lib/armv7-m\libg_nano.a(lib_a-exit.o)
 .debug_frame   0x00001af8       0x2c c:/program files (x86)/cypress/psoc creator/4.4/psoc creator/import/gnu/arm/5.4.1/bin/../lib/gcc/arm-none-eabi/5.4.1/../../../../arm-none-eabi/lib/armv7-m\libg_nano.a(lib_a-init.o)
 .debug_frame   0x00001b24       0x28 c:/program files (x86)/cypress/psoc creator/4.4/psoc creator/import/gnu/arm/5.4.1/bin/../lib/gcc/arm-none-eabi/5.4.1/../../../../arm-none-eabi/lib/armv7-m\libg_nano.a(lib_a-memcpy-stub.o)
 .debug_frame   0x00001b4c       0x20 c:/program files (x86)/cypress/psoc creator/4.4/psoc creator/import/gnu/arm/5.4.1/bin/../lib/gcc/arm-none-eabi/5.4.1/../../../../arm-none-eabi/lib/armv7-m\libg_nano.a(lib_a-memset.o)
 .debug_frame   0x00001b6c       0x8c c:/program files (x86)/cypress/psoc creator/4.4/psoc creator/import/gnu/arm/5.4.1/bin/../lib/gcc/arm-none-eabi/5.4.1/../../../../arm-none-eabi/lib/armv7-m\libg_nano.a(lib_a-nano-vfprintf_float.o)
 .debug_frame   0x00001bf8       0x60 c:/program files (x86)/cypress/psoc creator/4.4/psoc creator/import/gnu/arm/5.4.1/bin/../lib/gcc/arm-none-eabi/5.4.1/../../../../arm-none-eabi/lib/armv7-m\libg_nano.a(lib_a-nano-vfprintf_i.o)
 .debug_frame   0x00001c58       0x70 c:/program files (x86)/cypress/psoc creator/4.4/psoc creator/import/gnu/arm/5.4.1/bin/../lib/gcc/arm-none-eabi/5.4.1/../../../../arm-none-eabi/lib/armv7-m\libg_nano.a(lib_a-sprintf.o)
 .debug_frame   0x00001cc8       0x6c c:/program files (x86)/cypress/psoc creator/4.4/psoc creator/import/gnu/arm/5.4.1/bin/../lib/gcc/arm-none-eabi/5.4.1/../../../../arm-none-eabi/lib/armv7-m\libg_nano.a(lib_a-dtoa.o)
 .debug_frame   0x00001d34       0x98 c:/program files (x86)/cypress/psoc creator/4.4/psoc creator/import/gnu/arm/5.4.1/bin/../lib/gcc/arm-none-eabi/5.4.1/../../../../arm-none-eabi/lib/armv7-m\libg_nano.a(lib_a-locale.o)
 .debug_frame   0x00001dcc       0x30 c:/program files (x86)/cypress/psoc creator/4.4/psoc creator/import/gnu/arm/5.4.1/bin/../lib/gcc/arm-none-eabi/5.4.1/../../../../arm-none-eabi/lib/armv7-m\libg_nano.a(lib_a-malloc.o)
 .debug_frame   0x00001dfc       0x28 c:/program files (x86)/cypress/psoc creator/4.4/psoc creator/import/gnu/arm/5.4.1/bin/../lib/gcc/arm-none-eabi/5.4.1/../../../../arm-none-eabi/lib/armv7-m\libg_nano.a(lib_a-memchr-stub.o)
 .debug_frame   0x00001e24      0x234 c:/program files (x86)/cypress/psoc creator/4.4/psoc creator/import/gnu/arm/5.4.1/bin/../lib/gcc/arm-none-eabi/5.4.1/../../../../arm-none-eabi/lib/armv7-m\libg_nano.a(lib_a-mprec.o)
 .debug_frame   0x00002058       0x2c c:/program files (x86)/cypress/psoc creator/4.4/psoc creator/import/gnu/arm/5.4.1/bin/../lib/gcc/arm-none-eabi/5.4.1/../../../../arm-none-eabi/lib/armv7-m\libg_nano.a(lib_a-nano-callocr.o)
 .debug_frame   0x00002084       0x38 c:/program files (x86)/cypress/psoc creator/4.4/psoc creator/import/gnu/arm/5.4.1/bin/../lib/gcc/arm-none-eabi/5.4.1/../../../../arm-none-eabi/lib/armv7-m\libg_nano.a(lib_a-nano-freer.o)
 .debug_frame   0x000020bc       0x2c c:/program files (x86)/cypress/psoc creator/4.4/psoc creator/import/gnu/arm/5.4.1/bin/../lib/gcc/arm-none-eabi/5.4.1/../../../../arm-none-eabi/lib/armv7-m\libg_nano.a(lib_a-nano-mallocr.o)
 .debug_frame   0x000020e8       0x90 c:/program files (x86)/cypress/psoc creator/4.4/psoc creator/import/gnu/arm/5.4.1/bin/../lib/gcc/arm-none-eabi/5.4.1/../../../../arm-none-eabi/lib/armv7-m\libg_nano.a(lib_a-nano-svfprintf.o)
 .debug_frame   0x00002178       0x2c c:/program files (x86)/cypress/psoc creator/4.4/psoc creator/import/gnu/arm/5.4.1/bin/../lib/gcc/arm-none-eabi/5.4.1/../../../../arm-none-eabi/lib/armv7-m\libg_nano.a(lib_a-sbrkr.o)
 .debug_frame   0x000021a4       0x20 c:/program files (x86)/cypress/psoc creator/4.4/psoc creator/import/gnu/arm/5.4.1/bin/../lib/gcc/arm-none-eabi/5.4.1/../../../../arm-none-eabi/lib/armv7-m\libg_nano.a(lib_a-strcmp.o)
 .debug_frame   0x000021c4       0x28 c:/program files (x86)/cypress/psoc creator/4.4/psoc creator/import/gnu/arm/5.4.1/bin/../lib/gcc/arm-none-eabi/5.4.1/../../../../arm-none-eabi/lib/armv7-m\libg_nano.a(lib_a-memmove.o)
 .debug_frame   0x000021ec       0x30 c:/program files (x86)/cypress/psoc creator/4.4/psoc creator/import/gnu/arm/5.4.1/bin/../lib/gcc/arm-none-eabi/5.4.1/../../../../arm-none-eabi/lib/armv7-m\libg_nano.a(lib_a-mlock.o)
 .debug_frame   0x0000221c       0x3c c:/program files (x86)/cypress/psoc creator/4.4/psoc creator/import/gnu/arm/5.4.1/bin/../lib/gcc/arm-none-eabi/5.4.1/../../../../arm-none-eabi/lib/armv7-m\libg_nano.a(lib_a-nano-reallocr.o)
 .debug_frame   0x00002258       0x5c c:/program files (x86)/cypress/psoc creator/4.4/psoc creator/import/gnu/arm/5.4.1/bin/../lib/gcc/arm-none-eabi/5.4.1/../../../../arm-none-eabi/lib/armv7-m\libg_nano.a(lib_a-reent.o)
 .debug_frame   0x000022b4       0x20 c:/program files (x86)/cypress/psoc creator/4.4/psoc creator/import/gnu/arm/5.4.1/bin/../lib/gcc/arm-none-eabi/5.4.1/../../../../arm-none-eabi/lib/armv7-m\libg_nano.a(lib_a-nano-msizer.o)

.debug_str      0x00000000     0x21a4
 *(.debug_str)
 .debug_str     0x00000000      0x274 .\CortexM3\ARM_GCC_541\Debug\main.o
                                0x2bc (size before relaxing)
 .debug_str     0x00000274       0x7f .\CortexM3\ARM_GCC_541\Debug\motor.o
                                0x260 (size before relaxing)
 .debug_str     0x000002f3       0x42 .\CortexM3\ARM_GCC_541\Debug\PIDcontroller.o
                                0x250 (size before relaxing)
 .debug_str     0x00000335       0x28 .\CortexM3\ARM_GCC_541\Debug\tfTest.o
                                0x1ee (size before relaxing)
 .debug_str     0x0000035d       0xc9 .\CortexM3\ARM_GCC_541\Debug\sensor.o
                                0x2d0 (size before relaxing)
 .debug_str     0x00000426      0x181 .\CortexM3\ARM_GCC_541\Debug\cyfitter_cfg.o
                                0x33c (size before relaxing)
 .debug_str     0x000005a7       0x7f .\CortexM3\ARM_GCC_541\Debug\cymetadata.o
                                0x211 (size before relaxing)
 .debug_str     0x00000626      0x144 .\CortexM3\ARM_GCC_541\Debug\Cm3Start.o
                                0x337 (size before relaxing)
 .debug_str     0x0000076a      0x15a .\CortexM3\ARM_GCC_541\Debug\Dron-A Lisa.a(Clock_1.o)
                                0x31b (size before relaxing)
 .debug_str     0x000008c4      0x2f4 .\CortexM3\ARM_GCC_541\Debug\Dron-A Lisa.a(UART_1.o)
                                0x4e0 (size before relaxing)
 .debug_str     0x00000bb8      0x14c .\CortexM3\ARM_GCC_541\Debug\Dron-A Lisa.a(UART_1_IntClock.o)
                                0x37b (size before relaxing)
 .debug_str     0x00000d04      0x80d .\CortexM3\ARM_GCC_541\Debug\Dron-A Lisa.a(CyLib.o)
                                0xa74 (size before relaxing)
 .debug_str     0x00001511      0x365 .\CortexM3\ARM_GCC_541\Debug\Dron-A Lisa.a(cyPm.o)
                                0x760 (size before relaxing)
 .debug_str     0x00001876      0x1d3 .\CortexM3\ARM_GCC_541\Debug\Dron-A Lisa.a(Counter_Sensor.o)
                                0x430 (size before relaxing)
 .debug_str     0x00001a49      0x167 .\CortexM3\ARM_GCC_541\Debug\Dron-A Lisa.a(sensor_input_isr.o)
                                0x36d (size before relaxing)
 .debug_str     0x00001bb0      0x1eb .\CortexM3\ARM_GCC_541\Debug\Dron-A Lisa.a(Sensor_Out.o)
                                0x410 (size before relaxing)
 .debug_str     0x00001d9b      0x1a2 .\CortexM3\ARM_GCC_541\Debug\Dron-A Lisa.a(Motor_PWM.o)
                                0x408 (size before relaxing)
 .debug_str     0x00001f3d      0x1bb .\CortexM3\ARM_GCC_541\Debug\Dron-A Lisa.a(CyFlash.o)
                                0x3ed (size before relaxing)
 .debug_str     0x000020f8       0xac .\CortexM3\ARM_GCC_541\Debug\Dron-A Lisa.a(CySpc.o)
                                0x365 (size before relaxing)

.debug_loc      0x00000000     0x229f
 *(.debug_loc)
 .debug_loc     0x00000000       0x1e .\CortexM3\ARM_GCC_541\Debug\main.o
 .debug_loc     0x0000001e       0xb6 .\CortexM3\ARM_GCC_541\Debug\motor.o
 .debug_loc     0x000000d4      0x192 .\CortexM3\ARM_GCC_541\Debug\PIDcontroller.o
 .debug_loc     0x00000266       0xae .\CortexM3\ARM_GCC_541\Debug\tfTest.o
 .debug_loc     0x00000314       0x49 .\CortexM3\ARM_GCC_541\Debug\sensor.o
 .debug_loc     0x0000035d      0x1d7 .\CortexM3\ARM_GCC_541\Debug\cyfitter_cfg.o
 .debug_loc     0x00000534      0x144 .\CortexM3\ARM_GCC_541\Debug\Cm3Start.o
 .debug_loc     0x00000678      0x128 .\CortexM3\ARM_GCC_541\Debug\Dron-A Lisa.a(Clock_1.o)
 .debug_loc     0x000007a0      0x258 .\CortexM3\ARM_GCC_541\Debug\Dron-A Lisa.a(UART_1.o)
 .debug_loc     0x000009f8      0x128 .\CortexM3\ARM_GCC_541\Debug\Dron-A Lisa.a(UART_1_IntClock.o)
 .debug_loc     0x00000b20      0xa11 .\CortexM3\ARM_GCC_541\Debug\Dron-A Lisa.a(CyLib.o)
 .debug_loc     0x00001531      0x1e4 .\CortexM3\ARM_GCC_541\Debug\Dron-A Lisa.a(cyPm.o)
 .debug_loc     0x00001715       0x31 .\CortexM3\ARM_GCC_541\Debug\Dron-A Lisa.a(Counter_Sensor.o)
 .debug_loc     0x00001746       0x56 .\CortexM3\ARM_GCC_541\Debug\Dron-A Lisa.a(sensor_input_isr.o)
 .debug_loc     0x0000179c       0x26 .\CortexM3\ARM_GCC_541\Debug\Dron-A Lisa.a(Sensor_Out.o)
 .debug_loc     0x000017c2       0x26 .\CortexM3\ARM_GCC_541\Debug\Dron-A Lisa.a(Motor_PWM.o)
 .debug_loc     0x000017e8      0x3b2 .\CortexM3\ARM_GCC_541\Debug\Dron-A Lisa.a(CyFlash.o)
 .debug_loc     0x00001b9a      0x705 .\CortexM3\ARM_GCC_541\Debug\Dron-A Lisa.a(CySpc.o)

.debug_macinfo
 *(.debug_macinfo)

.debug_ranges   0x00000000      0x8e8
 *(.debug_ranges)
 .debug_ranges  0x00000000       0x18 .\CortexM3\ARM_GCC_541\Debug\main.o
 .debug_ranges  0x00000018       0x20 .\CortexM3\ARM_GCC_541\Debug\motor.o
 .debug_ranges  0x00000038       0x10 .\CortexM3\ARM_GCC_541\Debug\PIDcontroller.o
 .debug_ranges  0x00000048       0x18 .\CortexM3\ARM_GCC_541\Debug\tfTest.o
 .debug_ranges  0x00000060       0x40 .\CortexM3\ARM_GCC_541\Debug\sensor.o
 .debug_ranges  0x000000a0       0x48 .\CortexM3\ARM_GCC_541\Debug\cyfitter_cfg.o
 .debug_ranges  0x000000e8       0x38 .\CortexM3\ARM_GCC_541\Debug\Cm3Start.o
 .debug_ranges  0x00000120       0x60 .\CortexM3\ARM_GCC_541\Debug\Dron-A Lisa.a(Clock_1.o)
 .debug_ranges  0x00000180       0xe0 .\CortexM3\ARM_GCC_541\Debug\Dron-A Lisa.a(UART_1.o)
 .debug_ranges  0x00000260       0x60 .\CortexM3\ARM_GCC_541\Debug\Dron-A Lisa.a(UART_1_IntClock.o)
 .debug_ranges  0x000002c0      0x290 .\CortexM3\ARM_GCC_541\Debug\Dron-A Lisa.a(CyLib.o)
 .debug_ranges  0x00000550       0x88 .\CortexM3\ARM_GCC_541\Debug\Dron-A Lisa.a(cyPm.o)
 .debug_ranges  0x000005d8       0x88 .\CortexM3\ARM_GCC_541\Debug\Dron-A Lisa.a(Counter_Sensor.o)
 .debug_ranges  0x00000660       0x70 .\CortexM3\ARM_GCC_541\Debug\Dron-A Lisa.a(sensor_input_isr.o)
 .debug_ranges  0x000006d0       0x98 .\CortexM3\ARM_GCC_541\Debug\Dron-A Lisa.a(Sensor_Out.o)
 .debug_ranges  0x00000768       0x98 .\CortexM3\ARM_GCC_541\Debug\Dron-A Lisa.a(Motor_PWM.o)
 .debug_ranges  0x00000800       0x78 .\CortexM3\ARM_GCC_541\Debug\Dron-A Lisa.a(CyFlash.o)
 .debug_ranges  0x00000878       0x70 .\CortexM3\ARM_GCC_541\Debug\Dron-A Lisa.a(CySpc.o)

.comment        0x00000000       0x6e
 .comment       0x00000000       0x6e .\CortexM3\ARM_GCC_541\Debug\main.o
                                 0x6f (size before relaxing)
 .comment       0x0000006e       0x6f .\CortexM3\ARM_GCC_541\Debug\motor.o
 .comment       0x0000006e       0x6f .\CortexM3\ARM_GCC_541\Debug\PIDcontroller.o
 .comment       0x0000006e       0x6f .\CortexM3\ARM_GCC_541\Debug\tfTest.o
 .comment       0x0000006e       0x6f .\CortexM3\ARM_GCC_541\Debug\sensor.o
 .comment       0x0000006e       0x6f .\CortexM3\ARM_GCC_541\Debug\cyfitter_cfg.o
 .comment       0x0000006e       0x6f .\CortexM3\ARM_GCC_541\Debug\cymetadata.o
 .comment       0x0000006e       0x6f .\CortexM3\ARM_GCC_541\Debug\Cm3Start.o
 .comment       0x0000006e       0x6f .\CortexM3\ARM_GCC_541\Debug\Dron-A Lisa.a(Clock_1.o)
 .comment       0x0000006e       0x6f .\CortexM3\ARM_GCC_541\Debug\Dron-A Lisa.a(UART_1.o)
 .comment       0x0000006e       0x6f .\CortexM3\ARM_GCC_541\Debug\Dron-A Lisa.a(UART_1_IntClock.o)
 .comment       0x0000006e       0x6f .\CortexM3\ARM_GCC_541\Debug\Dron-A Lisa.a(CyLib.o)
 .comment       0x0000006e       0x6f .\CortexM3\ARM_GCC_541\Debug\Dron-A Lisa.a(cyPm.o)
 .comment       0x0000006e       0x6f .\CortexM3\ARM_GCC_541\Debug\Dron-A Lisa.a(Counter_Sensor.o)
 .comment       0x0000006e       0x6f .\CortexM3\ARM_GCC_541\Debug\Dron-A Lisa.a(sensor_input_isr.o)
 .comment       0x0000006e       0x6f .\CortexM3\ARM_GCC_541\Debug\Dron-A Lisa.a(Sensor_Out.o)
 .comment       0x0000006e       0x6f .\CortexM3\ARM_GCC_541\Debug\Dron-A Lisa.a(Motor_PWM.o)
 .comment       0x0000006e       0x6f .\CortexM3\ARM_GCC_541\Debug\Dron-A Lisa.a(CyFlash.o)
 .comment       0x0000006e       0x6f .\CortexM3\ARM_GCC_541\Debug\Dron-A Lisa.a(CySpc.o)

.debug_weaknames
 *(.debug_weaknames)

.debug_funcnames
 *(.debug_funcnames)

.debug_typenames
 *(.debug_typenames)

.debug_varnames
 *(.debug_varnames)

.note.gnu.arm.ident
 *(.note.gnu.arm.ident)

.ARM.attributes
                0x00000000       0x29
 *(.ARM.attributes)
 .ARM.attributes
                0x00000000       0x1d c:/program files (x86)/cypress/psoc creator/4.4/psoc creator/import/gnu/arm/5.4.1/bin/../lib/gcc/arm-none-eabi/5.4.1/armv7-m/crti.o
 .ARM.attributes
                0x0000001d       0x2d c:/program files (x86)/cypress/psoc creator/4.4/psoc creator/import/gnu/arm/5.4.1/bin/../lib/gcc/arm-none-eabi/5.4.1/armv7-m/crtbegin.o
 .ARM.attributes
                0x0000004a       0x1b c:/program files (x86)/cypress/psoc creator/4.4/psoc creator/import/gnu/arm/5.4.1/bin/../lib/gcc/arm-none-eabi/5.4.1/../../../../arm-none-eabi/lib/armv7-m/crt0.o
 .ARM.attributes
                0x00000065       0x33 .\CortexM3\ARM_GCC_541\Debug\main.o
 .ARM.attributes
                0x00000098       0x33 .\CortexM3\ARM_GCC_541\Debug\motor.o
 .ARM.attributes
                0x000000cb       0x33 .\CortexM3\ARM_GCC_541\Debug\PIDcontroller.o
 .ARM.attributes
                0x000000fe       0x33 .\CortexM3\ARM_GCC_541\Debug\tfTest.o
 .ARM.attributes
                0x00000131       0x33 .\CortexM3\ARM_GCC_541\Debug\sensor.o
 .ARM.attributes
                0x00000164       0x33 .\CortexM3\ARM_GCC_541\Debug\cyfitter_cfg.o
 .ARM.attributes
                0x00000197       0x33 .\CortexM3\ARM_GCC_541\Debug\cymetadata.o
 .ARM.attributes
                0x000001ca       0x33 .\CortexM3\ARM_GCC_541\Debug\Cm3Start.o
 .ARM.attributes
                0x000001fd       0x33 .\CortexM3\ARM_GCC_541\Debug\Dron-A Lisa.a(Clock_1.o)
 .ARM.attributes
                0x00000230       0x33 .\CortexM3\ARM_GCC_541\Debug\Dron-A Lisa.a(UART_1.o)
 .ARM.attributes
                0x00000263       0x33 .\CortexM3\ARM_GCC_541\Debug\Dron-A Lisa.a(UART_1_IntClock.o)
 .ARM.attributes
                0x00000296       0x33 .\CortexM3\ARM_GCC_541\Debug\Dron-A Lisa.a(CyLib.o)
 .ARM.attributes
                0x000002c9       0x33 .\CortexM3\ARM_GCC_541\Debug\Dron-A Lisa.a(cyPm.o)
 .ARM.attributes
                0x000002fc       0x33 .\CortexM3\ARM_GCC_541\Debug\Dron-A Lisa.a(Counter_Sensor.o)
 .ARM.attributes
                0x0000032f       0x33 .\CortexM3\ARM_GCC_541\Debug\Dron-A Lisa.a(sensor_input_isr.o)
 .ARM.attributes
                0x00000362       0x33 .\CortexM3\ARM_GCC_541\Debug\Dron-A Lisa.a(Sensor_Out.o)
 .ARM.attributes
                0x00000395       0x33 .\CortexM3\ARM_GCC_541\Debug\Dron-A Lisa.a(Motor_PWM.o)
 .ARM.attributes
                0x000003c8       0x21 .\CortexM3\ARM_GCC_541\Debug\Dron-A Lisa.a(CyBootAsmGnu.o)
 .ARM.attributes
                0x000003e9       0x33 .\CortexM3\ARM_GCC_541\Debug\Dron-A Lisa.a(CyFlash.o)
 .ARM.attributes
                0x0000041c       0x33 .\CortexM3\ARM_GCC_541\Debug\Dron-A Lisa.a(CySpc.o)
 .ARM.attributes
                0x0000044f       0x2d c:/program files (x86)/cypress/psoc creator/4.4/psoc creator/import/gnu/arm/5.4.1/bin/../lib/gcc/arm-none-eabi/5.4.1/../../../../arm-none-eabi/lib/armv7-m\libm.a(lib_a-sf_sin.o)
 .ARM.attributes
                0x0000047c       0x2d c:/program files (x86)/cypress/psoc creator/4.4/psoc creator/import/gnu/arm/5.4.1/bin/../lib/gcc/arm-none-eabi/5.4.1/../../../../arm-none-eabi/lib/armv7-m\libm.a(lib_a-ef_rem_pio2.o)
 .ARM.attributes
                0x000004a9       0x2d c:/program files (x86)/cypress/psoc creator/4.4/psoc creator/import/gnu/arm/5.4.1/bin/../lib/gcc/arm-none-eabi/5.4.1/../../../../arm-none-eabi/lib/armv7-m\libm.a(lib_a-kf_cos.o)
 .ARM.attributes
                0x000004d6       0x2d c:/program files (x86)/cypress/psoc creator/4.4/psoc creator/import/gnu/arm/5.4.1/bin/../lib/gcc/arm-none-eabi/5.4.1/../../../../arm-none-eabi/lib/armv7-m\libm.a(lib_a-kf_rem_pio2.o)
 .ARM.attributes
                0x00000503       0x2d c:/program files (x86)/cypress/psoc creator/4.4/psoc creator/import/gnu/arm/5.4.1/bin/../lib/gcc/arm-none-eabi/5.4.1/../../../../arm-none-eabi/lib/armv7-m\libm.a(lib_a-kf_sin.o)
 .ARM.attributes
                0x00000530       0x2d c:/program files (x86)/cypress/psoc creator/4.4/psoc creator/import/gnu/arm/5.4.1/bin/../lib/gcc/arm-none-eabi/5.4.1/../../../../arm-none-eabi/lib/armv7-m\libm.a(lib_a-sf_fabs.o)
 .ARM.attributes
                0x0000055d       0x2d c:/program files (x86)/cypress/psoc creator/4.4/psoc creator/import/gnu/arm/5.4.1/bin/../lib/gcc/arm-none-eabi/5.4.1/../../../../arm-none-eabi/lib/armv7-m\libm.a(lib_a-sf_floor.o)
 .ARM.attributes
                0x0000058a       0x2d c:/program files (x86)/cypress/psoc creator/4.4/psoc creator/import/gnu/arm/5.4.1/bin/../lib/gcc/arm-none-eabi/5.4.1/../../../../arm-none-eabi/lib/armv7-m\libm.a(lib_a-sf_scalbn.o)
 .ARM.attributes
                0x000005b7       0x2d c:/program files (x86)/cypress/psoc creator/4.4/psoc creator/import/gnu/arm/5.4.1/bin/../lib/gcc/arm-none-eabi/5.4.1/../../../../arm-none-eabi/lib/armv7-m\libm.a(lib_a-sf_copysign.o)
 .ARM.attributes
                0x000005e4       0x1d c:/program files (x86)/cypress/psoc creator/4.4/psoc creator/import/gnu/arm/5.4.1/bin/../lib/gcc/arm-none-eabi/5.4.1/armv7-m\libgcc.a(_arm_addsubdf3.o)
 .ARM.attributes
                0x00000601       0x1d c:/program files (x86)/cypress/psoc creator/4.4/psoc creator/import/gnu/arm/5.4.1/bin/../lib/gcc/arm-none-eabi/5.4.1/armv7-m\libgcc.a(_arm_muldivdf3.o)
 .ARM.attributes
                0x0000061e       0x1d c:/program files (x86)/cypress/psoc creator/4.4/psoc creator/import/gnu/arm/5.4.1/bin/../lib/gcc/arm-none-eabi/5.4.1/armv7-m\libgcc.a(_arm_truncdfsf2.o)
 .ARM.attributes
                0x0000063b       0x1d c:/program files (x86)/cypress/psoc creator/4.4/psoc creator/import/gnu/arm/5.4.1/bin/../lib/gcc/arm-none-eabi/5.4.1/armv7-m\libgcc.a(_arm_addsubsf3.o)
 .ARM.attributes
                0x00000658       0x1d c:/program files (x86)/cypress/psoc creator/4.4/psoc creator/import/gnu/arm/5.4.1/bin/../lib/gcc/arm-none-eabi/5.4.1/armv7-m\libgcc.a(_arm_muldivsf3.o)
 .ARM.attributes
                0x00000675       0x1d c:/program files (x86)/cypress/psoc creator/4.4/psoc creator/import/gnu/arm/5.4.1/bin/../lib/gcc/arm-none-eabi/5.4.1/armv7-m\libgcc.a(_arm_cmpsf2.o)
 .ARM.attributes
                0x00000692       0x1d c:/program files (x86)/cypress/psoc creator/4.4/psoc creator/import/gnu/arm/5.4.1/bin/../lib/gcc/arm-none-eabi/5.4.1/armv7-m\libgcc.a(_arm_fixsfsi.o)
 .ARM.attributes
                0x000006af       0x2d c:/program files (x86)/cypress/psoc creator/4.4/psoc creator/import/gnu/arm/5.4.1/bin/../lib/gcc/arm-none-eabi/5.4.1/../../../../arm-none-eabi/lib/armv7-m\libg_nano.a(lib_a-errno.o)
 .ARM.attributes
                0x000006dc       0x2d c:/program files (x86)/cypress/psoc creator/4.4/psoc creator/import/gnu/arm/5.4.1/bin/../lib/gcc/arm-none-eabi/5.4.1/../../../../arm-none-eabi/lib/armv7-m\libg_nano.a(lib_a-exit.o)
 .ARM.attributes
                0x00000709       0x2d c:/program files (x86)/cypress/psoc creator/4.4/psoc creator/import/gnu/arm/5.4.1/bin/../lib/gcc/arm-none-eabi/5.4.1/../../../../arm-none-eabi/lib/armv7-m\libg_nano.a(lib_a-impure.o)
 .ARM.attributes
                0x00000736       0x2d c:/program files (x86)/cypress/psoc creator/4.4/psoc creator/import/gnu/arm/5.4.1/bin/../lib/gcc/arm-none-eabi/5.4.1/../../../../arm-none-eabi/lib/armv7-m\libg_nano.a(lib_a-init.o)
 .ARM.attributes
                0x00000763       0x2d c:/program files (x86)/cypress/psoc creator/4.4/psoc creator/import/gnu/arm/5.4.1/bin/../lib/gcc/arm-none-eabi/5.4.1/../../../../arm-none-eabi/lib/armv7-m\libg_nano.a(lib_a-memcpy-stub.o)
 .ARM.attributes
                0x00000790       0x2d c:/program files (x86)/cypress/psoc creator/4.4/psoc creator/import/gnu/arm/5.4.1/bin/../lib/gcc/arm-none-eabi/5.4.1/../../../../arm-none-eabi/lib/armv7-m\libg_nano.a(lib_a-memset.o)
 .ARM.attributes
                0x000007bd       0x2d c:/program files (x86)/cypress/psoc creator/4.4/psoc creator/import/gnu/arm/5.4.1/bin/../lib/gcc/arm-none-eabi/5.4.1/../../../../arm-none-eabi/lib/armv7-m\libg_nano.a(lib_a-nano-vfprintf_float.o)
 .ARM.attributes
                0x000007ea       0x2d c:/program files (x86)/cypress/psoc creator/4.4/psoc creator/import/gnu/arm/5.4.1/bin/../lib/gcc/arm-none-eabi/5.4.1/../../../../arm-none-eabi/lib/armv7-m\libg_nano.a(lib_a-nano-vfprintf_i.o)
 .ARM.attributes
                0x00000817       0x2d c:/program files (x86)/cypress/psoc creator/4.4/psoc creator/import/gnu/arm/5.4.1/bin/../lib/gcc/arm-none-eabi/5.4.1/../../../../arm-none-eabi/lib/armv7-m\libg_nano.a(lib_a-sprintf.o)
 .ARM.attributes
                0x00000844       0x17 c:/program files (x86)/cypress/psoc creator/4.4/psoc creator/import/gnu/arm/5.4.1/bin/../lib/gcc/arm-none-eabi/5.4.1/../../../../arm-none-eabi/lib/armv7-m\libg_nano.a(lib_a-strlen.o)
 .ARM.attributes
                0x0000085b       0x2d c:/program files (x86)/cypress/psoc creator/4.4/psoc creator/import/gnu/arm/5.4.1/bin/../lib/gcc/arm-none-eabi/5.4.1/../../../../arm-none-eabi/lib/armv7-m\libg_nano.a(lib_a-dtoa.o)
 .ARM.attributes
                0x00000888       0x2d c:/program files (x86)/cypress/psoc creator/4.4/psoc creator/import/gnu/arm/5.4.1/bin/../lib/gcc/arm-none-eabi/5.4.1/../../../../arm-none-eabi/lib/armv7-m\libg_nano.a(lib_a-locale.o)
 .ARM.attributes
                0x000008b5       0x2d c:/program files (x86)/cypress/psoc creator/4.4/psoc creator/import/gnu/arm/5.4.1/bin/../lib/gcc/arm-none-eabi/5.4.1/../../../../arm-none-eabi/lib/armv7-m\libg_nano.a(lib_a-malloc.o)
 .ARM.attributes
                0x000008e2       0x2d c:/program files (x86)/cypress/psoc creator/4.4/psoc creator/import/gnu/arm/5.4.1/bin/../lib/gcc/arm-none-eabi/5.4.1/../../../../arm-none-eabi/lib/armv7-m\libg_nano.a(lib_a-memchr-stub.o)
 .ARM.attributes
                0x0000090f       0x2d c:/program files (x86)/cypress/psoc creator/4.4/psoc creator/import/gnu/arm/5.4.1/bin/../lib/gcc/arm-none-eabi/5.4.1/../../../../arm-none-eabi/lib/armv7-m\libg_nano.a(lib_a-mprec.o)
 .ARM.attributes
                0x0000093c       0x2d c:/program files (x86)/cypress/psoc creator/4.4/psoc creator/import/gnu/arm/5.4.1/bin/../lib/gcc/arm-none-eabi/5.4.1/../../../../arm-none-eabi/lib/armv7-m\libg_nano.a(lib_a-nano-callocr.o)
 .ARM.attributes
                0x00000969       0x2d c:/program files (x86)/cypress/psoc creator/4.4/psoc creator/import/gnu/arm/5.4.1/bin/../lib/gcc/arm-none-eabi/5.4.1/../../../../arm-none-eabi/lib/armv7-m\libg_nano.a(lib_a-nano-freer.o)
 .ARM.attributes
                0x00000996       0x2d c:/program files (x86)/cypress/psoc creator/4.4/psoc creator/import/gnu/arm/5.4.1/bin/../lib/gcc/arm-none-eabi/5.4.1/../../../../arm-none-eabi/lib/armv7-m\libg_nano.a(lib_a-nano-mallocr.o)
 .ARM.attributes
                0x000009c3       0x2d c:/program files (x86)/cypress/psoc creator/4.4/psoc creator/import/gnu/arm/5.4.1/bin/../lib/gcc/arm-none-eabi/5.4.1/../../../../arm-none-eabi/lib/armv7-m\libg_nano.a(lib_a-nano-svfprintf.o)
 .ARM.attributes
                0x000009f0       0x2d c:/program files (x86)/cypress/psoc creator/4.4/psoc creator/import/gnu/arm/5.4.1/bin/../lib/gcc/arm-none-eabi/5.4.1/../../../../arm-none-eabi/lib/armv7-m\libg_nano.a(lib_a-sbrkr.o)
 .ARM.attributes
                0x00000a1d       0x1b c:/program files (x86)/cypress/psoc creator/4.4/psoc creator/import/gnu/arm/5.4.1/bin/../lib/gcc/arm-none-eabi/5.4.1/../../../../arm-none-eabi/lib/armv7-m\libg_nano.a(lib_a-strcmp.o)
 .ARM.attributes
                0x00000a38       0x2d c:/program files (x86)/cypress/psoc creator/4.4/psoc creator/import/gnu/arm/5.4.1/bin/../lib/gcc/arm-none-eabi/5.4.1/../../../../arm-none-eabi/lib/armv7-m\libg_nano.a(lib_a-memmove.o)
 .ARM.attributes
                0x00000a65       0x2d c:/program files (x86)/cypress/psoc creator/4.4/psoc creator/import/gnu/arm/5.4.1/bin/../lib/gcc/arm-none-eabi/5.4.1/../../../../arm-none-eabi/lib/armv7-m\libg_nano.a(lib_a-mlock.o)
 .ARM.attributes
                0x00000a92       0x2d c:/program files (x86)/cypress/psoc creator/4.4/psoc creator/import/gnu/arm/5.4.1/bin/../lib/gcc/arm-none-eabi/5.4.1/../../../../arm-none-eabi/lib/armv7-m\libg_nano.a(lib_a-nano-reallocr.o)
 .ARM.attributes
                0x00000abf       0x2d c:/program files (x86)/cypress/psoc creator/4.4/psoc creator/import/gnu/arm/5.4.1/bin/../lib/gcc/arm-none-eabi/5.4.1/../../../../arm-none-eabi/lib/armv7-m\libg_nano.a(lib_a-reent.o)
 .ARM.attributes
                0x00000aec       0x2d c:/program files (x86)/cypress/psoc creator/4.4/psoc creator/import/gnu/arm/5.4.1/bin/../lib/gcc/arm-none-eabi/5.4.1/../../../../arm-none-eabi/lib/armv7-m\libg_nano.a(lib_a-nano-msizer.o)
 .ARM.attributes
                0x00000b19       0x1d c:/program files (x86)/cypress/psoc creator/4.4/psoc creator/import/gnu/arm/5.4.1/bin/../lib/gcc/arm-none-eabi/5.4.1/armv7-m\libgcc.a(_arm_cmpdf2.o)
 .ARM.attributes
                0x00000b36       0x1d c:/program files (x86)/cypress/psoc creator/4.4/psoc creator/import/gnu/arm/5.4.1/bin/../lib/gcc/arm-none-eabi/5.4.1/armv7-m\libgcc.a(_arm_unorddf2.o)
 .ARM.attributes
                0x00000b53       0x1d c:/program files (x86)/cypress/psoc creator/4.4/psoc creator/import/gnu/arm/5.4.1/bin/../lib/gcc/arm-none-eabi/5.4.1/armv7-m\libgcc.a(_arm_fixdfsi.o)
 .ARM.attributes
                0x00000b70       0x2d c:/program files (x86)/cypress/psoc creator/4.4/psoc creator/import/gnu/arm/5.4.1/bin/../lib/gcc/arm-none-eabi/5.4.1/armv7-m/crtend.o
 .ARM.attributes
                0x00000b9d       0x1d c:/program files (x86)/cypress/psoc creator/4.4/psoc creator/import/gnu/arm/5.4.1/bin/../lib/gcc/arm-none-eabi/5.4.1/armv7-m/crtn.o

/DISCARD/
 *(.note.GNU-stack)
OUTPUT(C:\Users\degn\OneDrive - Aarhus universitet\Skrivebord\AU\E4\PRJ4\Git\E4PRJ\PSoC\Dron-A Lisa\Dron-A Lisa.cydsn\CortexM3\ARM_GCC_541\Debug\Dron-A Lisa.elf elf32-littlearm)
